Archive member included to satisfy reference by file (symbol)

C:/ST/STM32CubeIDE_1.17.0/STM32CubeIDE/plugins/com.st.stm32cube.ide.mcu.externaltools.gnu-tools-for-stm32.12.3.rel1.win32_1.1.0.202410251130/tools/bin/../lib/gcc/arm-none-eabi/12.3.1/../../../../arm-none-eabi/lib/thumb/v7e-m/nofp\libc_nano.a(libc_a-exit.o)
                              C:/ST/STM32CubeIDE_1.17.0/STM32CubeIDE/plugins/com.st.stm32cube.ide.mcu.externaltools.gnu-tools-for-stm32.12.3.rel1.win32_1.1.0.202410251130/tools/bin/../lib/gcc/arm-none-eabi/12.3.1/../../../../arm-none-eabi/lib/thumb/v7e-m/nofp/crt0.o (exit)
C:/ST/STM32CubeIDE_1.17.0/STM32CubeIDE/plugins/com.st.stm32cube.ide.mcu.externaltools.gnu-tools-for-stm32.12.3.rel1.win32_1.1.0.202410251130/tools/bin/../lib/gcc/arm-none-eabi/12.3.1/../../../../arm-none-eabi/lib/thumb/v7e-m/nofp\libc_nano.a(libc_a-findfp.o)
                              C:/ST/STM32CubeIDE_1.17.0/STM32CubeIDE/plugins/com.st.stm32cube.ide.mcu.externaltools.gnu-tools-for-stm32.12.3.rel1.win32_1.1.0.202410251130/tools/bin/../lib/gcc/arm-none-eabi/12.3.1/../../../../arm-none-eabi/lib/thumb/v7e-m/nofp\libc_nano.a(libc_a-exit.o) (__stdio_exit_handler)
C:/ST/STM32CubeIDE_1.17.0/STM32CubeIDE/plugins/com.st.stm32cube.ide.mcu.externaltools.gnu-tools-for-stm32.12.3.rel1.win32_1.1.0.202410251130/tools/bin/../lib/gcc/arm-none-eabi/12.3.1/../../../../arm-none-eabi/lib/thumb/v7e-m/nofp\libc_nano.a(libc_a-fwalk.o)
                              C:/ST/STM32CubeIDE_1.17.0/STM32CubeIDE/plugins/com.st.stm32cube.ide.mcu.externaltools.gnu-tools-for-stm32.12.3.rel1.win32_1.1.0.202410251130/tools/bin/../lib/gcc/arm-none-eabi/12.3.1/../../../../arm-none-eabi/lib/thumb/v7e-m/nofp\libc_nano.a(libc_a-findfp.o) (_fwalk_sglue)
C:/ST/STM32CubeIDE_1.17.0/STM32CubeIDE/plugins/com.st.stm32cube.ide.mcu.externaltools.gnu-tools-for-stm32.12.3.rel1.win32_1.1.0.202410251130/tools/bin/../lib/gcc/arm-none-eabi/12.3.1/../../../../arm-none-eabi/lib/thumb/v7e-m/nofp\libc_nano.a(libc_a-sprintf.o)
                              ./Core/Src/main.o (sprintf)
C:/ST/STM32CubeIDE_1.17.0/STM32CubeIDE/plugins/com.st.stm32cube.ide.mcu.externaltools.gnu-tools-for-stm32.12.3.rel1.win32_1.1.0.202410251130/tools/bin/../lib/gcc/arm-none-eabi/12.3.1/../../../../arm-none-eabi/lib/thumb/v7e-m/nofp\libc_nano.a(libc_a-stdio.o)
                              C:/ST/STM32CubeIDE_1.17.0/STM32CubeIDE/plugins/com.st.stm32cube.ide.mcu.externaltools.gnu-tools-for-stm32.12.3.rel1.win32_1.1.0.202410251130/tools/bin/../lib/gcc/arm-none-eabi/12.3.1/../../../../arm-none-eabi/lib/thumb/v7e-m/nofp\libc_nano.a(libc_a-findfp.o) (__sread)
C:/ST/STM32CubeIDE_1.17.0/STM32CubeIDE/plugins/com.st.stm32cube.ide.mcu.externaltools.gnu-tools-for-stm32.12.3.rel1.win32_1.1.0.202410251130/tools/bin/../lib/gcc/arm-none-eabi/12.3.1/../../../../arm-none-eabi/lib/thumb/v7e-m/nofp\libc_nano.a(libc_a-memset.o)
                              C:/ST/STM32CubeIDE_1.17.0/STM32CubeIDE/plugins/com.st.stm32cube.ide.mcu.externaltools.gnu-tools-for-stm32.12.3.rel1.win32_1.1.0.202410251130/tools/bin/../lib/gcc/arm-none-eabi/12.3.1/../../../../arm-none-eabi/lib/thumb/v7e-m/nofp/crt0.o (memset)
C:/ST/STM32CubeIDE_1.17.0/STM32CubeIDE/plugins/com.st.stm32cube.ide.mcu.externaltools.gnu-tools-for-stm32.12.3.rel1.win32_1.1.0.202410251130/tools/bin/../lib/gcc/arm-none-eabi/12.3.1/../../../../arm-none-eabi/lib/thumb/v7e-m/nofp\libc_nano.a(libc_a-strchr.o)
                              ./Core/Src/main.o (strchr)
C:/ST/STM32CubeIDE_1.17.0/STM32CubeIDE/plugins/com.st.stm32cube.ide.mcu.externaltools.gnu-tools-for-stm32.12.3.rel1.win32_1.1.0.202410251130/tools/bin/../lib/gcc/arm-none-eabi/12.3.1/../../../../arm-none-eabi/lib/thumb/v7e-m/nofp\libc_nano.a(libc_a-closer.o)
                              C:/ST/STM32CubeIDE_1.17.0/STM32CubeIDE/plugins/com.st.stm32cube.ide.mcu.externaltools.gnu-tools-for-stm32.12.3.rel1.win32_1.1.0.202410251130/tools/bin/../lib/gcc/arm-none-eabi/12.3.1/../../../../arm-none-eabi/lib/thumb/v7e-m/nofp\libc_nano.a(libc_a-stdio.o) (_close_r)
C:/ST/STM32CubeIDE_1.17.0/STM32CubeIDE/plugins/com.st.stm32cube.ide.mcu.externaltools.gnu-tools-for-stm32.12.3.rel1.win32_1.1.0.202410251130/tools/bin/../lib/gcc/arm-none-eabi/12.3.1/../../../../arm-none-eabi/lib/thumb/v7e-m/nofp\libc_nano.a(libc_a-reent.o)
                              C:/ST/STM32CubeIDE_1.17.0/STM32CubeIDE/plugins/com.st.stm32cube.ide.mcu.externaltools.gnu-tools-for-stm32.12.3.rel1.win32_1.1.0.202410251130/tools/bin/../lib/gcc/arm-none-eabi/12.3.1/../../../../arm-none-eabi/lib/thumb/v7e-m/nofp\libc_nano.a(libc_a-closer.o) (errno)
C:/ST/STM32CubeIDE_1.17.0/STM32CubeIDE/plugins/com.st.stm32cube.ide.mcu.externaltools.gnu-tools-for-stm32.12.3.rel1.win32_1.1.0.202410251130/tools/bin/../lib/gcc/arm-none-eabi/12.3.1/../../../../arm-none-eabi/lib/thumb/v7e-m/nofp\libc_nano.a(libc_a-impure.o)
[...]
Memory Configuration

Name             Origin             Length             Attributes
RAM              0x20000000         0x00010000         xrw
RAM2             0x10000000         0x00008000         xrw
FLASH            0x08000000         0x00040000         xr
*default*        0x00000000         0xffffffff

Linker script and memory map

LOAD C:/ST/STM32CubeIDE_1.17.0/STM32CubeIDE/plugins/com.st.stm32cube.ide.mcu.externaltools.gnu-tools-for-stm32.12.3.rel1.win32_1.1.0.202410251130/tools/bin/../lib/gcc/arm-none-eabi/12.3.1/thumb/v7e-m/nofp/crti.o
LOAD C:/ST/STM32CubeIDE_1.17.0/STM32CubeIDE/plugins/com.st.stm32cube.ide.mcu.externaltools.gnu-tools-for-stm32.12.3.rel1.win32_1.1.0.202410251130/tools/bin/../lib/gcc/arm-none-eabi/12.3.1/thumb/v7e-m/nofp/crtbegin.o
LOAD C:/ST/STM32CubeIDE_1.17.0/STM32CubeIDE/plugins/com.st.stm32cube.ide.mcu.externaltools.gnu-tools-for-stm32.12.3.rel1.win32_1.1.0.202410251130/tools/bin/../lib/gcc/arm-none-eabi/12.3.1/../../../../arm-none-eabi/lib/thumb/v7e-m/nofp/crt0.o
LOAD ./Core/Src/lr_fhss_mac.o
LOAD ./Core/Src/main.o
LOAD ./Core/Src/radio.o
LOAD ./Core/Src/radio_board_if.o
LOAD ./Core/Src/radio_driver.o
LOAD ./Core/Src/radio_fw.o
LOAD ./Core/Src/stm32_adv_trace.o
LOAD ./Core/Src/stm32_adv_trace_if_template.o
LOAD ./Core/Src/stm32_lpm.o
LOAD ./Core/Src/stm32_mem.o
LOAD ./Core/Src/stm32_seq.o
LOAD ./Core/Src/stm32_systime.o
LOAD ./Core/Src/stm32_systime_if.o
LOAD ./Core/Src/stm32_timer.o
LOAD ./Core/Src/stm32_timer_if.o
LOAD ./Core/Src/stm32_tiny_sscanf.o
LOAD ./Core/Src/stm32_tiny_vsnprintf.o
LOAD ./Core/Src/stm32wlxx_hal_msp.o
LOAD ./Core/Src/stm32wlxx_it.o
LOAD ./Core/Src/subghz.o
LOAD ./Core/Src/sys_debug.o
LOAD ./Core/Src/syscalls.o
LOAD ./Core/Src/sysmem.o
LOAD ./Core/Src/system_stm32wlxx.o
LOAD ./Core/Src/wl_lr_fhss.o
LOAD ./Core/Startup/startup_stm32wl5mochx.o
LOAD ./Drivers/STM32WLxx_HAL_Driver/Src/stm32wlxx_hal.o
LOAD ./Drivers/STM32WLxx_HAL_Driver/Src/stm32wlxx_hal_cortex.o
LOAD ./Drivers/STM32WLxx_HAL_Driver/Src/stm32wlxx_hal_dma.o
LOAD ./Drivers/STM32WLxx_HAL_Driver/Src/stm32wlxx_hal_dma_ex.o
LOAD ./Drivers/STM32WLxx_HAL_Driver/Src/stm32wlxx_hal_exti.o
LOAD ./Drivers/STM32WLxx_HAL_Driver/Src/stm32wlxx_hal_flash.o
LOAD ./Drivers/STM32WLxx_HAL_Driver/Src/stm32wlxx_hal_flash_ex.o
LOAD ./Drivers/STM32WLxx_HAL_Driver/Src/stm32wlxx_hal_gpio.o
LOAD ./Drivers/STM32WLxx_HAL_Driver/Src/stm32wlxx_hal_i2c.o
LOAD ./Drivers/STM32WLxx_HAL_Driver/Src/stm32wlxx_hal_i2c_ex.o
LOAD ./Drivers/STM32WLxx_HAL_Driver/Src/stm32wlxx_hal_pwr.o
LOAD ./Drivers/STM32WLxx_HAL_Driver/Src/stm32wlxx_hal_pwr_ex.o
LOAD ./Drivers/STM32WLxx_HAL_Driver/Src/stm32wlxx_hal_rcc.o
LOAD ./Drivers/STM32WLxx_HAL_Driver/Src/stm32wlxx_hal_rcc_ex.o
LOAD ./Drivers/STM32WLxx_HAL_Driver/Src/stm32wlxx_hal_subghz.o
LOAD ./Drivers/STM32WLxx_HAL_Driver/Src/stm32wlxx_hal_uart.o
LOAD ./Drivers/STM32WLxx_HAL_Driver/Src/stm32wlxx_hal_uart_ex.o
START GROUP
LOAD C:/ST/STM32CubeIDE_1.17.0/STM32CubeIDE/plugins/com.st.stm32cube.ide.mcu.externaltools.gnu-tools-for-stm32.12.3.rel1.win32_1.1.0.202410251130/tools/bin/../lib/gcc/arm-none-eabi/12.3.1/../../../../arm-none-eabi/lib/thumb/v7e-m/nofp\libc_nano.a
LOAD C:/ST/STM32CubeIDE_1.17.0/STM32CubeIDE/plugins/com.st.stm32cube.ide.mcu.externaltools.gnu-tools-for-stm32.12.3.rel1.win32_1.1.0.202410251130/tools/bin/../lib/gcc/arm-none-eabi/12.3.1/../../../../arm-none-eabi/lib/thumb/v7e-m/nofp\libm.a
END GROUP
START GROUP
LOAD C:/ST/STM32CubeIDE_1.17.0/STM32CubeIDE/plugins/com.st.stm32cube.ide.mcu.externaltools.gnu-tools-for-stm32.12.3.rel1.win32_1.1.0.202410251130/tools/bin/../lib/gcc/arm-none-eabi/12.3.1/thumb/v7e-m/nofp\libgcc.a
LOAD C:/ST/STM32CubeIDE_1.17.0/STM32CubeIDE/plugins/com.st.stm32cube.ide.mcu.externaltools.gnu-tools-for-stm32.12.3.rel1.win32_1.1.0.202410251130/tools/bin/../lib/gcc/arm-none-eabi/12.3.1/../../../../arm-none-eabi/lib/thumb/v7e-m/nofp\libc_nano.a
END GROUP
START GROUP
LOAD C:/ST/STM32CubeIDE_1.17.0/STM32CubeIDE/plugins/com.st.stm32cube.ide.mcu.externaltools.gnu-tools-for-stm32.12.3.rel1.win32_1.1.0.202410251130/tools/bin/../lib/gcc/arm-none-eabi/12.3.1/thumb/v7e-m/nofp\libgcc.a
LOAD C:/ST/STM32CubeIDE_1.17.0/STM32CubeIDE/plugins/com.st.stm32cube.ide.mcu.externaltools.gnu-tools-for-stm32.12.3.rel1.win32_1.1.0.202410251130/tools/bin/../lib/gcc/arm-none-eabi/12.3.1/../../../../arm-none-eabi/lib/thumb/v7e-m/nofp\libc_nano.a
LOAD C:/ST/STM32CubeIDE_1.17.0/STM32CubeIDE/plugins/com.st.stm32cube.ide.mcu.externaltools.gnu-tools-for-stm32.12.3.rel1.win32_1.1.0.202410251130/tools/bin/../lib/gcc/arm-none-eabi/12.3.1/../../../../arm-none-eabi/lib/thumb/v7e-m/nofp\libnosys.a
END GROUP
START GROUP
LOAD C:/ST/STM32CubeIDE_1.17.0/STM32CubeIDE/plugins/com.st.stm32cube.ide.mcu.externaltools.gnu-tools-for-stm32.12.3.rel1.win32_1.1.0.202410251130/tools/bin/../lib/gcc/arm-none-eabi/12.3.1/thumb/v7e-m/nofp\libgcc.a
LOAD C:/ST/STM32CubeIDE_1.17.0/STM32CubeIDE/plugins/com.st.stm32cube.ide.mcu.externaltools.gnu-tools-for-stm32.12.3.rel1.win32_1.1.0.202410251130/tools/bin/../lib/gcc/arm-none-eabi/12.3.1/../../../../arm-none-eabi/lib/thumb/v7e-m/nofp\libc_nano.a
LOAD C:/ST/STM32CubeIDE_1.17.0/STM32CubeIDE/plugins/com.st.stm32cube.ide.mcu.externaltools.gnu-tools-for-stm32.12.3.rel1.win32_1.1.0.202410251130/tools/bin/../lib/gcc/arm-none-eabi/12.3.1/../../../../arm-none-eabi/lib/thumb/v7e-m/nofp\libnosys.a
END GROUP
LOAD C:/ST/STM32CubeIDE_1.17.0/STM32CubeIDE/plugins/com.st.stm32cube.ide.mcu.externaltools.gnu-tools-for-stm32.12.3.rel1.win32_1.1.0.202410251130/tools/bin/../lib/gcc/arm-none-eabi/12.3.1/thumb/v7e-m/nofp/crtend.o
LOAD C:/ST/STM32CubeIDE_1.17.0/STM32CubeIDE/plugins/com.st.stm32cube.ide.mcu.externaltools.gnu-tools-for-stm32.12.3.rel1.win32_1.1.0.202410251130/tools/bin/../lib/gcc/arm-none-eabi/12.3.1/thumb/v7e-m/nofp/crtn.o
                0x20010000                        _estack = (ORIGIN (RAM) + LENGTH (RAM))
                0x00000200                        _Min_Heap_Size = 0x200
                0x00000400                        _Min_Stack_Size = 0x400

.isr_vector     0x08000000      0x138
                0x08000000                        . = ALIGN (0x4)
 *(.isr_vector)
 .isr_vector    0x08000000      0x138 ./Core/Startup/startup_stm32wl5mochx.o
                0x08000000                g_pfnVectors
                0x08000138                        . = ALIGN (0x4)

.text           0x08000140     0xa5b4
                0x08000140                        . = ALIGN (0x4)
 *(.text)
 .text          0x08000140       0x40 C:/ST/STM32CubeIDE_1.17.0/STM32CubeIDE/plugins/com.st.stm32cube.ide.mcu.externaltools.gnu-tools-for-stm32.12.3.rel1.win32_1.1.0.202410251130/tools/bin/../lib/gcc/arm-none-eabi/12.3.1/thumb/v7e-m/nofp/crtbegin.o
 .text          0x08000180       0x10 C:/ST/STM32CubeIDE_1.17.0/STM32CubeIDE/plugins/com.st.stm32cube.ide.mcu.externaltools.gnu-tools-for-stm32.12.3.rel1.win32_1.1.0.202410251130/tools/bin/../lib/gcc/arm-none-eabi/12.3.1/../../../../arm-none-eabi/lib/thumb/v7e-m/nofp\libc_nano.a(libc_a-strlen.o)
                0x08000180                strlen
 .text          0x08000190       0xa0 C:/ST/STM32CubeIDE_1.17.0/STM32CubeIDE/plugins/com.st.stm32cube.ide.mcu.externaltools.gnu-tools-for-stm32.12.3.rel1.win32_1.1.0.202410251130/tools/bin/../lib/gcc/arm-none-eabi/12.3.1/../../../../arm-none-eabi/lib/thumb/v7e-m/nofp\libc_nano.a(libc_a-memchr.o)
                0x08000190                memchr
 .text          0x08000230       0x30 C:/ST/STM32CubeIDE_1.17.0/STM32CubeIDE/plugins/com.st.stm32cube.ide.mcu.externaltools.gnu-tools-for-stm32.12.3.rel1.win32_1.1.0.202410251130/tools/bin/../lib/gcc/arm-none-eabi/12.3.1/thumb/v7e-m/nofp\libgcc.a(_aeabi_uldivmod.o)
                0x08000230                __aeabi_uldivmod
 .text          0x08000260      0x2bc C:/ST/STM32CubeIDE_1.17.0/STM32CubeIDE/plugins/com.st.stm32cube.ide.mcu.externaltools.gnu-tools-for-stm32.12.3.rel1.win32_1.1.0.202410251130/tools/bin/../lib/gcc/arm-none-eabi/12.3.1/thumb/v7e-m/nofp\libgcc.a(_udivmoddi4.o)
                0x08000260                __udivmoddi4
 .text          0x0800051c        0x4 C:/ST/STM32CubeIDE_1.17.0/STM32CubeIDE/plugins/com.st.stm32cube.ide.mcu.externaltools.gnu-tools-for-stm32.12.3.rel1.win32_1.1.0.202410251130/tools/bin/../lib/gcc/arm-none-eabi/12.3.1/thumb/v7e-m/nofp\libgcc.a(_dvmd_tls.o)
                0x0800051c                __aeabi_idiv0
                0x0800051c                __aeabi_ldiv0
 *(.text*)
 .text.LL_AHB2_GRP1_EnableClock
                0x08000520       0x30 ./Core/Src/main.o
 .text.OnTxDone
                0x08000550       0x1c ./Core/Src/main.o
 .text.OnRxDone
                0x0800056c       0x44 ./Core/Src/main.o
 .text.OnTxTimeout
                0x080005b0       0x14 ./Core/Src/main.o
 .text.OnRxTimeout
                0x080005c4       0x14 ./Core/Src/main.o
 .text.OnRxError
                0x080005d8       0x14 ./Core/Src/main.o
 .text.Radio_Init
                0x080005ec       0xe8 ./Core/Src/main.o
                0x080005ec                Radio_Init
 .text.Receive  0x080006d4       0x20 ./Core/Src/main.o
                0x080006d4                Receive
 .text.print_last
                0x080006f4       0x38 ./Core/Src/main.o
                0x080006f4                print_last
 .text.uart_print
                0x0800072c       0x2c ./Core/Src/main.o
                0x0800072c                uart_print
 .text.HAL_UART_RxCpltCallback
                0x08000758       0x30 ./Core/Src/main.o
                0x08000758                HAL_UART_RxCpltCallback
 .text.main     0x08000788       0xcc ./Core/Src/main.o
                0x08000788                main
 .text.SystemClock_Config
                0x08000854       0xa4 ./Core/Src/main.o
                0x08000854                SystemClock_Config
 .text.MX_I2C2_Init
                0x080008f8       0x80 ./Core/Src/main.o
 .text.MX_SUBGHZ_Init
                0x08000978       0x24 ./Core/Src/main.o
 .text.MX_USART2_UART_Init
                0x0800099c       0x98 ./Core/Src/main.o
 .text.MX_GPIO_Init
                0x08000a34       0x54 ./Core/Src/main.o
 .text.Error_Handler
                0x08000a88        0xc ./Core/Src/main.o
                0x08000a88                Error_Handler
 .text.LL_GPIO_SetOutputPin
                0x08000a94       0x1a ./Core/Src/radio.o
 .text.LL_GPIO_ResetOutputPin
                0x08000aae       0x1a ./Core/Src/radio.o
 .text.RadioInit
                0x08000ac8       0xb8 ./Core/Src/radio.o
 .text.RadioGetStatus
                0x08000b80       0x2e ./Core/Src/radio.o
 *fill*         0x08000bae        0x2 
 .text.RadioSetModem
                0x08000bb0       0xb8 ./Core/Src/radio.o
 .text.RadioSetChannel
                0x08000c68       0x16 ./Core/Src/radio.o
 .text.RadioIsChannelFree
                0x08000c7e       0xb4 ./Core/Src/radio.o
 .text.RadioRandom
                0x08000d32       0x26 ./Core/Src/radio.o
 .text.RadioSetRxConfig
                0x08000d58      0x418 ./Core/Src/radio.o
 .text.RadioSetTxConfig
                0x08001170      0x224 ./Core/Src/radio.o
 .text.RadioCheckRfFrequency
                0x08001394       0x14 ./Core/Src/radio.o
 .text.RadioGetLoRaBandwidthInHz
                0x080013a8       0xac ./Core/Src/radio.o
 .text.RadioGetGfskTimeOnAirNumerator
                0x08001454       0x54 ./Core/Src/radio.o
 .text.RadioGetLoRaTimeOnAirNumerator
                0x080014a8      0x102 ./Core/Src/radio.o
 *fill*         0x080015aa        0x2 
 .text.RadioTimeOnAir
                0x080015ac       0xb0 ./Core/Src/radio.o
 .text.RadioSend
                0x0800165c      0x20c ./Core/Src/radio.o
 .text.RadioSleep
                0x08001868       0x26 ./Core/Src/radio.o
 .text.RadioStandby
                0x0800188e        0xe ./Core/Src/radio.o
 .text.RadioRx  0x0800189c       0x8c ./Core/Src/radio.o
 .text.RadioRxBoosted
                0x08001928       0x8c ./Core/Src/radio.o
 .text.RadioSetRxDutyCycle
                0x080019b4       0x48 ./Core/Src/radio.o
 .text.RadioStartCad
                0x080019fc       0x30 ./Core/Src/radio.o
 .text.RadioSetTxContinuousWave
                0x08001a2c       0x64 ./Core/Src/radio.o
 .text.RadioRssi
                0x08001a90       0x18 ./Core/Src/radio.o
 .text.RadioWrite
                0x08001aa8       0x24 ./Core/Src/radio.o
 .text.RadioRead
                0x08001acc       0x1c ./Core/Src/radio.o
 .text.RadioWriteRegisters
                0x08001ae8       0x26 ./Core/Src/radio.o
 .text.RadioReadRegisters
                0x08001b0e       0x26 ./Core/Src/radio.o
 .text.RadioSetMaxPayloadLength
                0x08001b34       0x5c ./Core/Src/radio.o
 .text.RadioSetPublicNetwork
                0x08001b90       0x5c ./Core/Src/radio.o
 .text.RadioGetWakeupTime
                0x08001bec       0x10 ./Core/Src/radio.o
 .text.RadioOnTxTimeoutIrq
                0x08001bfc       0x14 ./Core/Src/radio.o
 .text.RadioOnRxTimeoutIrq
                0x08001c10       0x14 ./Core/Src/radio.o
 .text.RadioOnTxTimeoutProcess
                0x08001c24       0x34 ./Core/Src/radio.o
 .text.RadioOnRxTimeoutProcess
                0x08001c58       0x34 ./Core/Src/radio.o
 .text.RadioOnDioIrq
                0x08001c8c       0x24 ./Core/Src/radio.o
 .text.RadioIrqProcess
                0x08001cb0      0x478 ./Core/Src/radio.o
 .text.RadioTxPrbs
                0x08002128       0x38 ./Core/Src/radio.o
 .text.RadioTxCw
                0x08002160       0x38 ./Core/Src/radio.o
 .text.payload_integration
                0x08002198      0x120 ./Core/Src/radio.o
 .text.RadioSetRxGenericConfig
                0x080022b8      0x388 ./Core/Src/radio.o
 .text.RadioSetTxGenericConfig
                0x08002640      0x46c ./Core/Src/radio.o
 .text.RadioLrFhssSetCfg
                0x08002aac       0x18 ./Core/Src/radio.o
 .text.RadioLrFhssGetTimeOnAirInMs
                0x08002ac4       0x16 ./Core/Src/radio.o
 .text.RBI_Init
                0x08002ada       0x18 ./Core/Src/radio_board_if.o
                0x08002ada                RBI_Init
 .text.RBI_ConfigRFSwitch
                0x08002af2       0x16 ./Core/Src/radio_board_if.o
                0x08002af2                RBI_ConfigRFSwitch
 .text.RBI_GetTxConfig
                0x08002b08        0xe ./Core/Src/radio_board_if.o
                0x08002b08                RBI_GetTxConfig
 .text.RBI_IsTCXO
                0x08002b16        0xe ./Core/Src/radio_board_if.o
                0x08002b16                RBI_IsTCXO
 .text.RBI_IsDCDC
                0x08002b24        0xe ./Core/Src/radio_board_if.o
                0x08002b24                RBI_IsDCDC
 .text.RBI_GetRFOMaxPowerConfig
                0x08002b32       0x20 ./Core/Src/radio_board_if.o
                0x08002b32                RBI_GetRFOMaxPowerConfig
 *fill*         0x08002b52        0x2 
 .text.SUBGRF_Init
                0x08002b54       0x90 ./Core/Src/radio_driver.o
                0x08002b54                SUBGRF_Init
 .text.SUBGRF_GetOperatingMode
                0x08002be4       0x14 ./Core/Src/radio_driver.o
                0x08002be4                SUBGRF_GetOperatingMode
 .text.SUBGRF_SetPayload
                0x08002bf8       0x20 ./Core/Src/radio_driver.o
                0x08002bf8                SUBGRF_SetPayload
 .text.SUBGRF_GetPayload
                0x08002c18       0x44 ./Core/Src/radio_driver.o
                0x08002c18                SUBGRF_GetPayload
 .text.SUBGRF_SendPayload
                0x08002c5c       0x26 ./Core/Src/radio_driver.o
                0x08002c5c                SUBGRF_SendPayload
 .text.SUBGRF_SetSyncWord
                0x08002c82       0x1e ./Core/Src/radio_driver.o
                0x08002c82                SUBGRF_SetSyncWord
 .text.SUBGRF_SetCrcSeed
                0x08002ca0       0x40 ./Core/Src/radio_driver.o
                0x08002ca0                SUBGRF_SetCrcSeed
 .text.SUBGRF_SetCrcPolynomial
                0x08002ce0       0x40 ./Core/Src/radio_driver.o
                0x08002ce0                SUBGRF_SetCrcPolynomial
 .text.SUBGRF_SetWhiteningSeed
                0x08002d20       0x66 ./Core/Src/radio_driver.o
                0x08002d20                SUBGRF_SetWhiteningSeed
 .text.SUBGRF_GetRandom
                0x08002d86       0x8c ./Core/Src/radio_driver.o
                0x08002d86                SUBGRF_GetRandom
 *fill*         0x08002e12        0x2 
 .text.SUBGRF_SetSleep
                0x08002e14       0x64 ./Core/Src/radio_driver.o
                0x08002e14                SUBGRF_SetSleep
 .text.SUBGRF_SetStandby
                0x08002e78       0x38 ./Core/Src/radio_driver.o
                0x08002e78                SUBGRF_SetStandby
 .text.SUBGRF_SetTx
                0x08002eb0       0x40 ./Core/Src/radio_driver.o
                0x08002eb0                SUBGRF_SetTx
 .text.SUBGRF_SetRx
                0x08002ef0       0x40 ./Core/Src/radio_driver.o
                0x08002ef0                SUBGRF_SetRx
 .text.SUBGRF_SetRxBoosted
                0x08002f30       0x48 ./Core/Src/radio_driver.o
                0x08002f30                SUBGRF_SetRxBoosted
 .text.SUBGRF_SetRxDutyCycle
                0x08002f78       0x58 ./Core/Src/radio_driver.o
                0x08002f78                SUBGRF_SetRxDutyCycle
 .text.SUBGRF_SetCad
                0x08002fd0       0x1c ./Core/Src/radio_driver.o
                0x08002fd0                SUBGRF_SetCad
 .text.SUBGRF_SetTxContinuousWave
                0x08002fec       0x12 ./Core/Src/radio_driver.o
                0x08002fec                SUBGRF_SetTxContinuousWave
 .text.SUBGRF_SetTxInfinitePreamble
                0x08002ffe       0x12 ./Core/Src/radio_driver.o
                0x08002ffe                SUBGRF_SetTxInfinitePreamble
 .text.SUBGRF_SetStopRxTimerOnPreambleDetect
                0x08003010       0x1e ./Core/Src/radio_driver.o
                0x08003010                SUBGRF_SetStopRxTimerOnPreambleDetect
 .text.SUBGRF_SetLoRaSymbNumTimeout
                0x0800302e       0x5e ./Core/Src/radio_driver.o
                0x0800302e                SUBGRF_SetLoRaSymbNumTimeout
 .text.SUBGRF_SetRegulatorMode
                0x0800308c       0x2e ./Core/Src/radio_driver.o
                0x0800308c                SUBGRF_SetRegulatorMode
 .text.SUBGRF_Calibrate
                0x080030ba       0x8c ./Core/Src/radio_driver.o
                0x080030ba                SUBGRF_Calibrate
 *fill*         0x08003146        0x2 
 .text.SUBGRF_CalibrateImage
                0x08003148       0x94 ./Core/Src/radio_driver.o
                0x08003148                SUBGRF_CalibrateImage
 .text.SUBGRF_SetPaConfig
                0x080031dc       0x44 ./Core/Src/radio_driver.o
                0x080031dc                SUBGRF_SetPaConfig
 .text.SUBGRF_SetDioIrqParams
                0x08003220       0x74 ./Core/Src/radio_driver.o
                0x08003220                SUBGRF_SetDioIrqParams
 .text.SUBGRF_SetTcxoMode
                0x08003294       0x42 ./Core/Src/radio_driver.o
                0x08003294                SUBGRF_SetTcxoMode
 *fill*         0x080032d6        0x2 
 .text.SUBGRF_SetRfFrequency
                0x080032d8       0x8c ./Core/Src/radio_driver.o
                0x080032d8                SUBGRF_SetRfFrequency
 .text.SUBGRF_SetPacketType
                0x08003364       0x38 ./Core/Src/radio_driver.o
                0x08003364                SUBGRF_SetPacketType
 .text.SUBGRF_GetPacketType
                0x0800339c       0x14 ./Core/Src/radio_driver.o
                0x0800339c                SUBGRF_GetPacketType
 .text.SUBGRF_SetTxParams
                0x080033b0      0x19a ./Core/Src/radio_driver.o
                0x080033b0                SUBGRF_SetTxParams
 *fill*         0x0800354a        0x2 
 .text.SUBGRF_SetModulationParams
                0x0800354c      0x1a4 ./Core/Src/radio_driver.o
                0x0800354c                SUBGRF_SetModulationParams
 .text.SUBGRF_SetPacketParams
                0x080036f0      0x13c ./Core/Src/radio_driver.o
                0x080036f0                SUBGRF_SetPacketParams
 .text.SUBGRF_SetBufferBaseAddress
                0x0800382c       0x2e ./Core/Src/radio_driver.o
                0x0800382c                SUBGRF_SetBufferBaseAddress
 .text.SUBGRF_GetRssiInst
                0x0800385a       0x2a ./Core/Src/radio_driver.o
                0x0800385a                SUBGRF_GetRssiInst
 .text.SUBGRF_GetRxBufferStatus
                0x08003884       0x58 ./Core/Src/radio_driver.o
                0x08003884                SUBGRF_GetRxBufferStatus
 .text.SUBGRF_GetPacketStatus
                0x080038dc       0xa4 ./Core/Src/radio_driver.o
                0x080038dc                SUBGRF_GetPacketStatus
 .text.SUBGRF_WriteRegister
                0x08003980       0x28 ./Core/Src/radio_driver.o
                0x08003980                SUBGRF_WriteRegister
 .text.SUBGRF_ReadRegister
                0x080039a8       0x28 ./Core/Src/radio_driver.o
                0x080039a8                SUBGRF_ReadRegister
 .text.SUBGRF_WriteRegisters
                0x080039d0       0x44 ./Core/Src/radio_driver.o
                0x080039d0                SUBGRF_WriteRegisters
 .text.SUBGRF_ReadRegisters
                0x08003a14       0x44 ./Core/Src/radio_driver.o
                0x08003a14                SUBGRF_ReadRegisters
 .text.SUBGRF_WriteBuffer
                0x08003a58       0x44 ./Core/Src/radio_driver.o
                0x08003a58                SUBGRF_WriteBuffer
 .text.SUBGRF_ReadBuffer
                0x08003a9c       0x44 ./Core/Src/radio_driver.o
                0x08003a9c                SUBGRF_ReadBuffer
 .text.SUBGRF_WriteCommand
                0x08003ae0       0x44 ./Core/Src/radio_driver.o
                0x08003ae0                SUBGRF_WriteCommand
 .text.SUBGRF_ReadCommand
                0x08003b24       0x44 ./Core/Src/radio_driver.o
                0x08003b24                SUBGRF_ReadCommand
 .text.SUBGRF_SetSwitch
                0x08003b68       0x50 ./Core/Src/radio_driver.o
                0x08003b68                SUBGRF_SetSwitch
 .text.SUBGRF_SetRfTxPower
                0x08003bb8       0x68 ./Core/Src/radio_driver.o
                0x08003bb8                SUBGRF_SetRfTxPower
 .text.SUBGRF_GetRadioWakeUpTime
                0x08003c20        0xe ./Core/Src/radio_driver.o
                0x08003c20                SUBGRF_GetRadioWakeUpTime
 *fill*         0x08003c2e        0x2 
 .text.HAL_SUBGHZ_TxCpltCallback
                0x08003c30       0x1c ./Core/Src/radio_driver.o
                0x08003c30                HAL_SUBGHZ_TxCpltCallback
 .text.HAL_SUBGHZ_RxCpltCallback
                0x08003c4c       0x1c ./Core/Src/radio_driver.o
                0x08003c4c                HAL_SUBGHZ_RxCpltCallback
 .text.HAL_SUBGHZ_CRCErrorCallback
                0x08003c68       0x1c ./Core/Src/radio_driver.o
                0x08003c68                HAL_SUBGHZ_CRCErrorCallback
 .text.HAL_SUBGHZ_CADStatusCallback
                0x08003c84       0x3c ./Core/Src/radio_driver.o
                0x08003c84                HAL_SUBGHZ_CADStatusCallback
 .text.HAL_SUBGHZ_RxTxTimeoutCallback
                0x08003cc0       0x20 ./Core/Src/radio_driver.o
                0x08003cc0                HAL_SUBGHZ_RxTxTimeoutCallback
 .text.HAL_SUBGHZ_HeaderErrorCallback
                0x08003ce0       0x1c ./Core/Src/radio_driver.o
                0x08003ce0                HAL_SUBGHZ_HeaderErrorCallback
 .text.HAL_SUBGHZ_PreambleDetectedCallback
                0x08003cfc       0x1c ./Core/Src/radio_driver.o
                0x08003cfc                HAL_SUBGHZ_PreambleDetectedCallback
 .text.HAL_SUBGHZ_SyncWordValidCallback
                0x08003d18       0x1c ./Core/Src/radio_driver.o
                0x08003d18                HAL_SUBGHZ_SyncWordValidCallback
 .text.HAL_SUBGHZ_HeaderValidCallback
                0x08003d34       0x1c ./Core/Src/radio_driver.o
                0x08003d34                HAL_SUBGHZ_HeaderValidCallback
 .text.HAL_SUBGHZ_LrFhssHopCallback
                0x08003d50       0x20 ./Core/Src/radio_driver.o
                0x08003d50                HAL_SUBGHZ_LrFhssHopCallback
 .text.Radio_SMPS_Set
                0x08003d70       0x42 ./Core/Src/radio_driver.o
 *fill*         0x08003db2        0x2 
 .text.SUBGRF_GetFskBandwidthRegValue
                0x08003db4       0x50 ./Core/Src/radio_driver.o
                0x08003db4                SUBGRF_GetFskBandwidthRegValue
 .text.SUBGRF_GetCFO
                0x08003e04       0xe8 ./Core/Src/radio_driver.o
                0x08003e04                SUBGRF_GetCFO
 .text.RFW_TransmitLongPacket
                0x08003eec       0x24 ./Core/Src/radio_fw.o
                0x08003eec                RFW_TransmitLongPacket
 .text.RFW_ReceiveLongPacket
                0x08003f10       0x24 ./Core/Src/radio_fw.o
                0x08003f10                RFW_ReceiveLongPacket
 .text.RFW_Init
                0x08003f34       0x1a ./Core/Src/radio_fw.o
                0x08003f34                RFW_Init
 .text.RFW_DeInit
                0x08003f4e        0xc ./Core/Src/radio_fw.o
                0x08003f4e                RFW_DeInit
 .text.RFW_Is_Init
                0x08003f5a        0xe ./Core/Src/radio_fw.o
                0x08003f5a                RFW_Is_Init
 .text.RFW_Is_LongPacketModeEnabled
                0x08003f68        0xe ./Core/Src/radio_fw.o
                0x08003f68                RFW_Is_LongPacketModeEnabled
 .text.RFW_SetAntSwitch
                0x08003f76       0x14 ./Core/Src/radio_fw.o
                0x08003f76                RFW_SetAntSwitch
 .text.RFW_TransmitInit
                0x08003f8a       0x20 ./Core/Src/radio_fw.o
                0x08003f8a                RFW_TransmitInit
 .text.RFW_ReceiveInit
                0x08003faa       0x10 ./Core/Src/radio_fw.o
                0x08003faa                RFW_ReceiveInit
 .text.RFW_DeInit_TxLongPacket
                0x08003fba        0xc ./Core/Src/radio_fw.o
                0x08003fba                RFW_DeInit_TxLongPacket
 .text.RFW_ReceivePayload
                0x08003fc6        0xc ./Core/Src/radio_fw.o
                0x08003fc6                RFW_ReceivePayload
 .text.RFW_SetRadioModem
                0x08003fd2       0x14 ./Core/Src/radio_fw.o
                0x08003fd2                RFW_SetRadioModem
 *fill*         0x08003fe6        0x2 
 .text.UTIL_ADV_TRACE_COND_FSend
                0x08003fe8      0x100 ./Core/Src/stm32_adv_trace.o
                0x08003fe8                UTIL_ADV_TRACE_COND_FSend
 .text.UTIL_ADV_TRACE_PreSendHook
                0x080040e8        0xc ./Core/Src/stm32_adv_trace.o
                0x080040e8                UTIL_ADV_TRACE_PreSendHook
 .text.TRACE_Send
                0x080040f4      0x108 ./Core/Src/stm32_adv_trace.o
 .text.TRACE_AllocateBufer
                0x080041fc       0xfc ./Core/Src/stm32_adv_trace.o
 .text.TRACE_Lock
                0x080042f8       0x3c ./Core/Src/stm32_adv_trace.o
 .text.TRACE_UnLock
                0x08004334       0x3c ./Core/Src/stm32_adv_trace.o
 .text.TRACE_IsLocked
                0x08004370       0x20 ./Core/Src/stm32_adv_trace.o
 .text.UART_Init
                0x08004390       0x14 ./Core/Src/stm32_adv_trace_if_template.o
                0x08004390                UART_Init
 .text.UART_DeInit
                0x080043a4        0xe ./Core/Src/stm32_adv_trace_if_template.o
                0x080043a4                UART_DeInit
 .text.UART_StartRx
                0x080043b2       0x14 ./Core/Src/stm32_adv_trace_if_template.o
                0x080043b2                UART_StartRx
 .text.UART_TransmitDMA
                0x080043c6       0x18 ./Core/Src/stm32_adv_trace_if_template.o
                0x080043c6                UART_TransmitDMA
 .text.UTIL_MEM_cpy_8
                0x080043de       0x3e ./Core/Src/stm32_mem.o
                0x080043de                UTIL_MEM_cpy_8
 .text.UTIL_MEM_set_8
                0x0800441c       0x36 ./Core/Src/stm32_mem.o
                0x0800441c                UTIL_MEM_set_8
 *fill*         0x08004452        0x2 
 .text.UTIL_TIMER_Create
                0x08004454       0x6c ./Core/Src/stm32_timer.o
                0x08004454                UTIL_TIMER_Create
 .text.UTIL_TIMER_Start
                0x080044c0       0xdc ./Core/Src/stm32_timer.o
                0x080044c0                UTIL_TIMER_Start
 .text.UTIL_TIMER_Stop
                0x0800459c       0xe0 ./Core/Src/stm32_timer.o
                0x0800459c                UTIL_TIMER_Stop
 .text.UTIL_TIMER_SetPeriod
                0x0800467c       0x54 ./Core/Src/stm32_timer.o
                0x0800467c                UTIL_TIMER_SetPeriod
 .text.UTIL_TIMER_GetCurrentTime
                0x080046d0       0x24 ./Core/Src/stm32_timer.o
                0x080046d0                UTIL_TIMER_GetCurrentTime
 .text.UTIL_TIMER_GetElapsedTime
                0x080046f4       0x38 ./Core/Src/stm32_timer.o
                0x080046f4                UTIL_TIMER_GetElapsedTime
 .text.TimerExists
                0x0800472c       0x38 ./Core/Src/stm32_timer.o
                0x0800472c                TimerExists
 .text.TimerSetTimeout
                0x08004764       0x54 ./Core/Src/stm32_timer.o
                0x08004764                TimerSetTimeout
 .text.TimerInsertTimer
                0x080047b8       0x60 ./Core/Src/stm32_timer.o
                0x080047b8                TimerInsertTimer
 .text.TimerInsertNewHeadTimer
                0x08004818       0x3c ./Core/Src/stm32_timer.o
                0x08004818                TimerInsertNewHeadTimer
 .text.PPP_Init
                0x08004854        0xe ./Core/Src/stm32_timer_if.o
                0x08004854                PPP_Init
 .text.PPP_DeInit
                0x08004862        0xe ./Core/Src/stm32_timer_if.o
                0x08004862                PPP_DeInit
 .text.PPP_StartTimer
                0x08004870       0x14 ./Core/Src/stm32_timer_if.o
                0x08004870                PPP_StartTimer
 .text.PPP_StopTimer
                0x08004884        0xe ./Core/Src/stm32_timer_if.o
                0x08004884                PPP_StopTimer
 .text.PPP_GetMinimumTimeout
                0x08004892        0xe ./Core/Src/stm32_timer_if.o
                0x08004892                PPP_GetMinimumTimeout
 .text.PPP_ms2Tick
                0x080048a0       0x14 ./Core/Src/stm32_timer_if.o
                0x080048a0                PPP_ms2Tick
 .text.PPP_Tick2ms
                0x080048b4       0x14 ./Core/Src/stm32_timer_if.o
                0x080048b4                PPP_Tick2ms
 .text.PPP_GetTimerElapsedTime
                0x080048c8        0xe ./Core/Src/stm32_timer_if.o
                0x080048c8                PPP_GetTimerElapsedTime
 .text.PPP_GetTimerValue
                0x080048d6        0xe ./Core/Src/stm32_timer_if.o
                0x080048d6                PPP_GetTimerValue
 .text.PPP_SetTimerContext
                0x080048e4        0xe ./Core/Src/stm32_timer_if.o
                0x080048e4                PPP_SetTimerContext
 .text.PPP_GetTimerContext
                0x080048f2        0xe ./Core/Src/stm32_timer_if.o
                0x080048f2                PPP_GetTimerContext
 .text.ee_skip_atoi
                0x08004900       0x4c ./Core/Src/stm32_tiny_vsnprintf.o
 .text.ee_number
                0x0800494c      0x1dc ./Core/Src/stm32_tiny_vsnprintf.o
 .text.tiny_vsnprintf_like
                0x08004b28      0x2a4 ./Core/Src/stm32_tiny_vsnprintf.o
                0x08004b28                tiny_vsnprintf_like
 .text.LL_AHB2_GRP1_EnableClock
                0x08004dcc       0x30 ./Core/Src/stm32wlxx_hal_msp.o
 .text.LL_APB1_GRP1_EnableClock
                0x08004dfc       0x30 ./Core/Src/stm32wlxx_hal_msp.o
 .text.HAL_MspInit
                0x08004e2c        0xc ./Core/Src/stm32wlxx_hal_msp.o
                0x08004e2c                HAL_MspInit
 .text.HAL_I2C_MspInit
                0x08004e38       0x8c ./Core/Src/stm32wlxx_hal_msp.o
                0x08004e38                HAL_I2C_MspInit
 .text.HAL_UART_MspInit
                0x08004ec4       0x9c ./Core/Src/stm32wlxx_hal_msp.o
                0x08004ec4                HAL_UART_MspInit
 .text.NMI_Handler
                0x08004f60        0x8 ./Core/Src/stm32wlxx_it.o
                0x08004f60                NMI_Handler
 .text.HardFault_Handler
                0x08004f68        0x8 ./Core/Src/stm32wlxx_it.o
                0x08004f68                HardFault_Handler
 .text.MemManage_Handler
                0x08004f70        0x8 ./Core/Src/stm32wlxx_it.o
                0x08004f70                MemManage_Handler
 .text.BusFault_Handler
                0x08004f78        0x8 ./Core/Src/stm32wlxx_it.o
                0x08004f78                BusFault_Handler
 .text.UsageFault_Handler
                0x08004f80        0x8 ./Core/Src/stm32wlxx_it.o
                0x08004f80                UsageFault_Handler
 .text.SVC_Handler
                0x08004f88        0xc ./Core/Src/stm32wlxx_it.o
                0x08004f88                SVC_Handler
 .text.DebugMon_Handler
                0x08004f94        0xc ./Core/Src/stm32wlxx_it.o
                0x08004f94                DebugMon_Handler
 .text.PendSV_Handler
                0x08004fa0        0xc ./Core/Src/stm32wlxx_it.o
                0x08004fa0                PendSV_Handler
 .text.SysTick_Handler
                0x08004fac        0xc ./Core/Src/stm32wlxx_it.o
                0x08004fac                SysTick_Handler
 .text.USART2_IRQHandler
                0x08004fb8       0x14 ./Core/Src/stm32wlxx_it.o
                0x08004fb8                USART2_IRQHandler
 .text.SUBGHZ_Radio_IRQHandler
                0x08004fcc       0x14 ./Core/Src/stm32wlxx_it.o
                0x08004fcc                SUBGHZ_Radio_IRQHandler
 .text.LL_APB3_GRP1_EnableClock
                0x08004fe0       0x30 ./Core/Src/subghz.o
 .text.MX_SUBGHZ_Init
                0x08005010       0x24 ./Core/Src/subghz.o
                0x08005010                MX_SUBGHZ_Init
 .text.HAL_SUBGHZ_MspInit
                0x08005034       0x26 ./Core/Src/subghz.o
                0x08005034                HAL_SUBGHZ_MspInit
 *fill*         0x0800505a        0x2 
 .text._sbrk    0x0800505c       0x6c ./Core/Src/sysmem.o
                0x0800505c                _sbrk
 .text.SystemInit
                0x080050c8        0xc ./Core/Src/system_stm32wlxx.o
                0x080050c8                SystemInit
 .text.Reset_Handler
                0x080050d4       0x50 ./Core/Startup/startup_stm32wl5mochx.o
                0x080050d4                Reset_Handler
 .text.Default_Handler
                0x08005124        0x2 ./Core/Startup/startup_stm32wl5mochx.o
                0x08005124                RTC_Alarm_IRQHandler
                0x08005124                EXTI2_IRQHandler
                0x08005124                TIM1_CC_IRQHandler
                0x08005124                EXTI3_IRQHandler
                0x08005124                LPTIM2_IRQHandler
                0x08005124                I2C3_ER_IRQHandler
                0x08005124                LPTIM3_IRQHandler
                0x08005124                EXTI0_IRQHandler
                0x08005124                I2C2_EV_IRQHandler
                0x08005124                TAMP_STAMP_LSECSS_SSRU_IRQHandler
                0x08005124                SPI1_IRQHandler
                0x08005124                DMA2_Channel2_IRQHandler
                0x08005124                DMA1_Channel4_IRQHandler
                0x08005124                PKA_IRQHandler
                0x08005124                TIM17_IRQHandler
                0x08005124                DMA1_Channel7_IRQHandler
                0x08005124                SUBGHZSPI_IRQHandler
                0x08005124                IPCC_C1_TX_IRQHandler
                0x08005124                DMA2_Channel1_IRQHandler
                0x08005124                I2C1_EV_IRQHandler
                0x08005124                DMAMUX1_OVR_IRQHandler
                0x08005124                DMA1_Channel6_IRQHandler
                0x08005124                TIM16_IRQHandler
                0x08005124                DMA2_Channel4_IRQHandler
                0x08005124                RCC_IRQHandler
                0x08005124                TIM1_TRG_COM_IRQHandler
                0x08005124                DMA1_Channel1_IRQHandler
                0x08005124                Default_Handler
                0x08005124                DMA2_Channel7_IRQHandler
                0x08005124                EXTI15_10_IRQHandler
                0x08005124                IPCC_C1_RX_IRQHandler
                0x08005124                ADC_IRQHandler
                0x08005124                C2SEV_PWR_C2H_IRQHandler
                0x08005124                I2C3_EV_IRQHandler
                0x08005124                EXTI9_5_IRQHandler
                0x08005124                RTC_WKUP_IRQHandler
                0x08005124                PVD_PVM_IRQHandler
                0x08005124                SPI2_IRQHandler
                0x08005124                DMA2_Channel5_IRQHandler
                0x08005124                DMA1_Channel5_IRQHandler
                0x08005124                EXTI4_IRQHandler
                0x08005124                RNG_IRQHandler
                0x08005124                DMA1_Channel3_IRQHandler
                0x08005124                COMP_IRQHandler
                0x08005124                HSEM_IRQHandler
                0x08005124                TIM1_UP_IRQHandler
                0x08005124                WWDG_IRQHandler
                0x08005124                LPUART1_IRQHandler
                0x08005124                DMA2_Channel6_IRQHandler
                0x08005124                TIM2_IRQHandler
                0x08005124                TIM1_BRK_IRQHandler
                0x08005124                DAC_IRQHandler
                0x08005124                EXTI1_IRQHandler
                0x08005124                AES_IRQHandler
                0x08005124                I2C2_ER_IRQHandler
                0x08005124                DMA1_Channel2_IRQHandler
                0x08005124                FLASH_IRQHandler
                0x08005124                USART1_IRQHandler
                0x08005124                I2C1_ER_IRQHandler
                0x08005124                LPTIM1_IRQHandler
                0x08005124                DMA2_Channel3_IRQHandler
 *fill*         0x08005126        0x2 
 .text.HAL_Init
                0x08005128       0x40 ./Drivers/STM32WLxx_HAL_Driver/Src/stm32wlxx_hal.o
                0x08005128                HAL_Init
 .text.HAL_InitTick
                0x08005168       0x74 ./Drivers/STM32WLxx_HAL_Driver/Src/stm32wlxx_hal.o
                0x08005168                HAL_InitTick
 .text.HAL_IncTick
                0x080051dc       0x24 ./Drivers/STM32WLxx_HAL_Driver/Src/stm32wlxx_hal.o
                0x080051dc                HAL_IncTick
 .text.HAL_GetTick
                0x08005200       0x14 ./Drivers/STM32WLxx_HAL_Driver/Src/stm32wlxx_hal.o
                0x08005200                HAL_GetTick
 .text.HAL_Delay
                0x08005214       0x48 ./Drivers/STM32WLxx_HAL_Driver/Src/stm32wlxx_hal.o
                0x08005214                HAL_Delay
 .text.__NVIC_SetPriorityGrouping
                0x0800525c       0x48 ./Drivers/STM32WLxx_HAL_Driver/Src/stm32wlxx_hal_cortex.o
 .text.__NVIC_GetPriorityGrouping
                0x080052a4       0x1c ./Drivers/STM32WLxx_HAL_Driver/Src/stm32wlxx_hal_cortex.o
 .text.__NVIC_EnableIRQ
                0x080052c0       0x38 ./Drivers/STM32WLxx_HAL_Driver/Src/stm32wlxx_hal_cortex.o
 .text.__NVIC_SetPriority
                0x080052f8       0x54 ./Drivers/STM32WLxx_HAL_Driver/Src/stm32wlxx_hal_cortex.o
 .text.NVIC_EncodePriority
                0x0800534c       0x64 ./Drivers/STM32WLxx_HAL_Driver/Src/stm32wlxx_hal_cortex.o
 .text.SysTick_Config
                0x080053b0       0x44 ./Drivers/STM32WLxx_HAL_Driver/Src/stm32wlxx_hal_cortex.o
 .text.HAL_NVIC_SetPriorityGrouping
                0x080053f4       0x16 ./Drivers/STM32WLxx_HAL_Driver/Src/stm32wlxx_hal_cortex.o
                0x080053f4                HAL_NVIC_SetPriorityGrouping
 .text.HAL_NVIC_SetPriority
                0x0800540a       0x34 ./Drivers/STM32WLxx_HAL_Driver/Src/stm32wlxx_hal_cortex.o
                0x0800540a                HAL_NVIC_SetPriority
 .text.HAL_NVIC_EnableIRQ
                0x0800543e       0x1c ./Drivers/STM32WLxx_HAL_Driver/Src/stm32wlxx_hal_cortex.o
                0x0800543e                HAL_NVIC_EnableIRQ
 .text.HAL_SYSTICK_Config
                0x0800545a       0x18 ./Drivers/STM32WLxx_HAL_Driver/Src/stm32wlxx_hal_cortex.o
                0x0800545a                HAL_SYSTICK_Config
 .text.HAL_DMA_Abort
                0x08005472       0xbc ./Drivers/STM32WLxx_HAL_Driver/Src/stm32wlxx_hal_dma.o
                0x08005472                HAL_DMA_Abort
 .text.HAL_DMA_Abort_IT
                0x0800552e       0xbe ./Drivers/STM32WLxx_HAL_Driver/Src/stm32wlxx_hal_dma.o
                0x0800552e                HAL_DMA_Abort_IT
 .text.HAL_GPIO_Init
                0x080055ec      0x2c0 ./Drivers/STM32WLxx_HAL_Driver/Src/stm32wlxx_hal_gpio.o
                0x080055ec                HAL_GPIO_Init
 .text.HAL_GPIO_WritePin
                0x080058ac       0x2e ./Drivers/STM32WLxx_HAL_Driver/Src/stm32wlxx_hal_gpio.o
                0x080058ac                HAL_GPIO_WritePin
 .text.HAL_GPIO_TogglePin
                0x080058da       0x32 ./Drivers/STM32WLxx_HAL_Driver/Src/stm32wlxx_hal_gpio.o
                0x080058da                HAL_GPIO_TogglePin
 .text.HAL_I2C_Init
                0x0800590c      0x136 ./Drivers/STM32WLxx_HAL_Driver/Src/stm32wlxx_hal_i2c.o
                0x0800590c                HAL_I2C_Init
 .text.HAL_I2CEx_ConfigAnalogFilter
                0x08005a42       0x94 ./Drivers/STM32WLxx_HAL_Driver/Src/stm32wlxx_hal_i2c_ex.o
                0x08005a42                HAL_I2CEx_ConfigAnalogFilter
 .text.HAL_I2CEx_ConfigDigitalFilter
                0x08005ad6       0x96 ./Drivers/STM32WLxx_HAL_Driver/Src/stm32wlxx_hal_i2c_ex.o
                0x08005ad6                HAL_I2CEx_ConfigDigitalFilter
 .text.HAL_PWR_EnableBkUpAccess
                0x08005b6c       0x1c ./Drivers/STM32WLxx_HAL_Driver/Src/stm32wlxx_hal_pwr.o
                0x08005b6c                HAL_PWR_EnableBkUpAccess
 .text.HAL_PWREx_GetVoltageRange
                0x08005b88       0x18 ./Drivers/STM32WLxx_HAL_Driver/Src/stm32wlxx_hal_pwr_ex.o
                0x08005b88                HAL_PWREx_GetVoltageRange
 .text.HAL_PWREx_ControlVoltageScaling
                0x08005ba0       0xa8 ./Drivers/STM32WLxx_HAL_Driver/Src/stm32wlxx_hal_pwr_ex.o
                0x08005ba0                HAL_PWREx_ControlVoltageScaling
 .text.HAL_PWREx_SMPS_SetMode
                0x08005c48       0x28 ./Drivers/STM32WLxx_HAL_Driver/Src/stm32wlxx_hal_pwr_ex.o
                0x08005c48                HAL_PWREx_SMPS_SetMode
 .text.LL_PWR_IsEnabledBkUpAccess
                0x08005c70       0x24 ./Drivers/STM32WLxx_HAL_Driver/Src/stm32wlxx_hal_rcc.o
 .text.LL_RCC_HSE_EnableTcxo
                0x08005c94       0x1c ./Drivers/STM32WLxx_HAL_Driver/Src/stm32wlxx_hal_rcc.o
 .text.LL_RCC_HSE_DisableTcxo
                0x08005cb0       0x1c ./Drivers/STM32WLxx_HAL_Driver/Src/stm32wlxx_hal_rcc.o
 .text.LL_RCC_HSE_IsEnabledDiv2
                0x08005ccc       0x22 ./Drivers/STM32WLxx_HAL_Driver/Src/stm32wlxx_hal_rcc.o
 .text.LL_RCC_HSE_Enable
                0x08005cee       0x1c ./Drivers/STM32WLxx_HAL_Driver/Src/stm32wlxx_hal_rcc.o
 .text.LL_RCC_HSE_Disable
                0x08005d0a       0x1c ./Drivers/STM32WLxx_HAL_Driver/Src/stm32wlxx_hal_rcc.o
 .text.LL_RCC_HSE_IsReady
                0x08005d26       0x22 ./Drivers/STM32WLxx_HAL_Driver/Src/stm32wlxx_hal_rcc.o
 .text.LL_RCC_HSI_Enable
                0x08005d48       0x1c ./Drivers/STM32WLxx_HAL_Driver/Src/stm32wlxx_hal_rcc.o
 .text.LL_RCC_HSI_Disable
                0x08005d64       0x1c ./Drivers/STM32WLxx_HAL_Driver/Src/stm32wlxx_hal_rcc.o
 .text.LL_RCC_HSI_IsReady
                0x08005d80       0x22 ./Drivers/STM32WLxx_HAL_Driver/Src/stm32wlxx_hal_rcc.o
 .text.LL_RCC_HSI_SetCalibTrimming
                0x08005da2       0x28 ./Drivers/STM32WLxx_HAL_Driver/Src/stm32wlxx_hal_rcc.o
 .text.LL_RCC_LSE_IsReady
                0x08005dca       0x22 ./Drivers/STM32WLxx_HAL_Driver/Src/stm32wlxx_hal_rcc.o
 .text.LL_RCC_LSI_Enable
                0x08005dec       0x20 ./Drivers/STM32WLxx_HAL_Driver/Src/stm32wlxx_hal_rcc.o
 .text.LL_RCC_LSI_Disable
                0x08005e0c       0x20 ./Drivers/STM32WLxx_HAL_Driver/Src/stm32wlxx_hal_rcc.o
 .text.LL_RCC_LSI_IsReady
                0x08005e2c       0x22 ./Drivers/STM32WLxx_HAL_Driver/Src/stm32wlxx_hal_rcc.o
 .text.LL_RCC_MSI_Enable
                0x08005e4e       0x1c ./Drivers/STM32WLxx_HAL_Driver/Src/stm32wlxx_hal_rcc.o
 .text.LL_RCC_MSI_Disable
                0x08005e6a       0x1c ./Drivers/STM32WLxx_HAL_Driver/Src/stm32wlxx_hal_rcc.o
 .text.LL_RCC_MSI_IsReady
                0x08005e86       0x20 ./Drivers/STM32WLxx_HAL_Driver/Src/stm32wlxx_hal_rcc.o
 .text.LL_RCC_MSI_IsEnabledRangeSelect
                0x08005ea6       0x20 ./Drivers/STM32WLxx_HAL_Driver/Src/stm32wlxx_hal_rcc.o
 .text.LL_RCC_MSI_GetRange
                0x08005ec6       0x16 ./Drivers/STM32WLxx_HAL_Driver/Src/stm32wlxx_hal_rcc.o
 .text.LL_RCC_MSI_GetRangeAfterStandby
                0x08005edc       0x18 ./Drivers/STM32WLxx_HAL_Driver/Src/stm32wlxx_hal_rcc.o
 .text.LL_RCC_MSI_SetCalibTrimming
                0x08005ef4       0x28 ./Drivers/STM32WLxx_HAL_Driver/Src/stm32wlxx_hal_rcc.o
 .text.LL_RCC_SetSysClkSource
                0x08005f1c       0x26 ./Drivers/STM32WLxx_HAL_Driver/Src/stm32wlxx_hal_rcc.o
 .text.LL_RCC_GetSysClkSource
                0x08005f42       0x16 ./Drivers/STM32WLxx_HAL_Driver/Src/stm32wlxx_hal_rcc.o
 .text.LL_RCC_SetAHBPrescaler
                0x08005f58       0x26 ./Drivers/STM32WLxx_HAL_Driver/Src/stm32wlxx_hal_rcc.o
 .text.LL_C2_RCC_SetAHBPrescaler
                0x08005f7e       0x2a ./Drivers/STM32WLxx_HAL_Driver/Src/stm32wlxx_hal_rcc.o
 .text.LL_RCC_SetAHB3Prescaler
                0x08005fa8       0x2c ./Drivers/STM32WLxx_HAL_Driver/Src/stm32wlxx_hal_rcc.o
 .text.LL_RCC_SetAPB1Prescaler
                0x08005fd4       0x26 ./Drivers/STM32WLxx_HAL_Driver/Src/stm32wlxx_hal_rcc.o
 .text.LL_RCC_SetAPB2Prescaler
                0x08005ffa       0x26 ./Drivers/STM32WLxx_HAL_Driver/Src/stm32wlxx_hal_rcc.o
 .text.LL_RCC_GetAHBPrescaler
                0x08006020       0x16 ./Drivers/STM32WLxx_HAL_Driver/Src/stm32wlxx_hal_rcc.o
 .text.LL_RCC_GetAHB3Prescaler
                0x08006036       0x1a ./Drivers/STM32WLxx_HAL_Driver/Src/stm32wlxx_hal_rcc.o
 .text.LL_RCC_GetAPB1Prescaler
                0x08006050       0x16 ./Drivers/STM32WLxx_HAL_Driver/Src/stm32wlxx_hal_rcc.o
 .text.LL_RCC_GetAPB2Prescaler
                0x08006066       0x16 ./Drivers/STM32WLxx_HAL_Driver/Src/stm32wlxx_hal_rcc.o
 .text.LL_RCC_PLL_Enable
                0x0800607c       0x1c ./Drivers/STM32WLxx_HAL_Driver/Src/stm32wlxx_hal_rcc.o
 .text.LL_RCC_PLL_Disable
                0x08006098       0x1c ./Drivers/STM32WLxx_HAL_Driver/Src/stm32wlxx_hal_rcc.o
 .text.LL_RCC_PLL_IsReady
                0x080060b4       0x22 ./Drivers/STM32WLxx_HAL_Driver/Src/stm32wlxx_hal_rcc.o
 .text.LL_RCC_PLL_GetN
                0x080060d6       0x18 ./Drivers/STM32WLxx_HAL_Driver/Src/stm32wlxx_hal_rcc.o
 .text.LL_RCC_PLL_GetR
                0x080060ee       0x16 ./Drivers/STM32WLxx_HAL_Driver/Src/stm32wlxx_hal_rcc.o
 .text.LL_RCC_PLL_GetDivider
                0x08006104       0x16 ./Drivers/STM32WLxx_HAL_Driver/Src/stm32wlxx_hal_rcc.o
 .text.LL_RCC_PLL_GetMainSource
                0x0800611a       0x16 ./Drivers/STM32WLxx_HAL_Driver/Src/stm32wlxx_hal_rcc.o
 .text.LL_RCC_IsActiveFlag_HPRE
                0x08006130       0x22 ./Drivers/STM32WLxx_HAL_Driver/Src/stm32wlxx_hal_rcc.o
 .text.LL_RCC_IsActiveFlag_C2HPRE
                0x08006152       0x24 ./Drivers/STM32WLxx_HAL_Driver/Src/stm32wlxx_hal_rcc.o
 .text.LL_RCC_IsActiveFlag_SHDHPRE
                0x08006176       0x24 ./Drivers/STM32WLxx_HAL_Driver/Src/stm32wlxx_hal_rcc.o
 .text.LL_RCC_IsActiveFlag_PPRE1
                0x0800619a       0x22 ./Drivers/STM32WLxx_HAL_Driver/Src/stm32wlxx_hal_rcc.o
 .text.LL_RCC_IsActiveFlag_PPRE2
                0x080061bc       0x22 ./Drivers/STM32WLxx_HAL_Driver/Src/stm32wlxx_hal_rcc.o
 *fill*         0x080061de        0x2 
 .text.HAL_RCC_OscConfig
                0x080061e0      0x704 ./Drivers/STM32WLxx_HAL_Driver/Src/stm32wlxx_hal_rcc.o
                0x080061e0                HAL_RCC_OscConfig
 .text.HAL_RCC_ClockConfig
                0x080068e4      0x284 ./Drivers/STM32WLxx_HAL_Driver/Src/stm32wlxx_hal_rcc.o
                0x080068e4                HAL_RCC_ClockConfig
 .text.HAL_RCC_GetSysClockFreq
                0x08006b68      0x140 ./Drivers/STM32WLxx_HAL_Driver/Src/stm32wlxx_hal_rcc.o
                0x08006b68                HAL_RCC_GetSysClockFreq
 .text.HAL_RCC_GetHCLKFreq
                0x08006ca8       0x28 ./Drivers/STM32WLxx_HAL_Driver/Src/stm32wlxx_hal_rcc.o
                0x08006ca8                HAL_RCC_GetHCLKFreq
 .text.HAL_RCC_GetPCLK1Freq
                0x08006cd0       0x24 ./Drivers/STM32WLxx_HAL_Driver/Src/stm32wlxx_hal_rcc.o
                0x08006cd0                HAL_RCC_GetPCLK1Freq
 .text.HAL_RCC_GetPCLK2Freq
                0x08006cf4       0x24 ./Drivers/STM32WLxx_HAL_Driver/Src/stm32wlxx_hal_rcc.o
                0x08006cf4                HAL_RCC_GetPCLK2Freq
 .text.RCC_SetFlashLatencyFromMSIRange
                0x08006d18       0x60 ./Drivers/STM32WLxx_HAL_Driver/Src/stm32wlxx_hal_rcc.o
 .text.RCC_SetFlashLatency
                0x08006d78      0x104 ./Drivers/STM32WLxx_HAL_Driver/Src/stm32wlxx_hal_rcc.o
 .text.LL_RCC_LSE_IsReady
                0x08006e7c       0x22 ./Drivers/STM32WLxx_HAL_Driver/Src/stm32wlxx_hal_rcc_ex.o
 .text.LL_RCC_SetUSARTClockSource
                0x08006e9e       0x30 ./Drivers/STM32WLxx_HAL_Driver/Src/stm32wlxx_hal_rcc_ex.o
 .text.LL_RCC_SetI2SClockSource
                0x08006ece       0x2a ./Drivers/STM32WLxx_HAL_Driver/Src/stm32wlxx_hal_rcc_ex.o
 .text.LL_RCC_SetLPUARTClockSource
                0x08006ef8       0x2a ./Drivers/STM32WLxx_HAL_Driver/Src/stm32wlxx_hal_rcc_ex.o
 .text.LL_RCC_SetI2CClockSource
                0x08006f22       0x38 ./Drivers/STM32WLxx_HAL_Driver/Src/stm32wlxx_hal_rcc_ex.o
 .text.LL_RCC_SetLPTIMClockSource
                0x08006f5a       0x32 ./Drivers/STM32WLxx_HAL_Driver/Src/stm32wlxx_hal_rcc_ex.o
 .text.LL_RCC_SetRNGClockSource
                0x08006f8c       0x2a ./Drivers/STM32WLxx_HAL_Driver/Src/stm32wlxx_hal_rcc_ex.o
 .text.LL_RCC_SetADCClockSource
                0x08006fb6       0x2a ./Drivers/STM32WLxx_HAL_Driver/Src/stm32wlxx_hal_rcc_ex.o
 .text.LL_RCC_SetRTCClockSource
                0x08006fe0       0x2a ./Drivers/STM32WLxx_HAL_Driver/Src/stm32wlxx_hal_rcc_ex.o
 .text.LL_RCC_GetRTCClockSource
                0x0800700a       0x18 ./Drivers/STM32WLxx_HAL_Driver/Src/stm32wlxx_hal_rcc_ex.o
 .text.LL_RCC_ForceBackupDomainReset
                0x08007022       0x20 ./Drivers/STM32WLxx_HAL_Driver/Src/stm32wlxx_hal_rcc_ex.o
 .text.LL_RCC_ReleaseBackupDomainReset
                0x08007042       0x20 ./Drivers/STM32WLxx_HAL_Driver/Src/stm32wlxx_hal_rcc_ex.o
 *fill*         0x08007062        0x2 
 .text.HAL_RCCEx_PeriphCLKConfig
                0x08007064      0x234 ./Drivers/STM32WLxx_HAL_Driver/Src/stm32wlxx_hal_rcc_ex.o
                0x08007064                HAL_RCCEx_PeriphCLKConfig
 .text.LL_PWR_SetRadioBusyTrigger
                0x08007298       0x28 ./Drivers/STM32WLxx_HAL_Driver/Src/stm32wlxx_hal_subghz.o
 .text.LL_PWR_UnselectSUBGHZSPI_NSS
                0x080072c0       0x20 ./Drivers/STM32WLxx_HAL_Driver/Src/stm32wlxx_hal_subghz.o
 .text.LL_PWR_SelectSUBGHZSPI_NSS
                0x080072e0       0x20 ./Drivers/STM32WLxx_HAL_Driver/Src/stm32wlxx_hal_subghz.o
 .text.LL_PWR_ClearFlag_RFBUSY
                0x08007300       0x18 ./Drivers/STM32WLxx_HAL_Driver/Src/stm32wlxx_hal_subghz.o
 .text.LL_PWR_IsActiveFlag_RFBUSYS
                0x08007318       0x24 ./Drivers/STM32WLxx_HAL_Driver/Src/stm32wlxx_hal_subghz.o
 .text.LL_PWR_IsActiveFlag_RFBUSYMS
                0x0800733c       0x24 ./Drivers/STM32WLxx_HAL_Driver/Src/stm32wlxx_hal_subghz.o
 .text.LL_RCC_RF_DisableReset
                0x08007360       0x20 ./Drivers/STM32WLxx_HAL_Driver/Src/stm32wlxx_hal_subghz.o
 .text.LL_RCC_IsRFUnderReset
                0x08007380       0x24 ./Drivers/STM32WLxx_HAL_Driver/Src/stm32wlxx_hal_subghz.o
 .text.LL_EXTI_EnableIT_32_63
                0x080073a4       0x28 ./Drivers/STM32WLxx_HAL_Driver/Src/stm32wlxx_hal_subghz.o
 .text.HAL_SUBGHZ_Init
                0x080073cc       0xc8 ./Drivers/STM32WLxx_HAL_Driver/Src/stm32wlxx_hal_subghz.o
                0x080073cc                HAL_SUBGHZ_Init
 .text.HAL_SUBGHZ_WriteRegisters
                0x08007494       0xbe ./Drivers/STM32WLxx_HAL_Driver/Src/stm32wlxx_hal_subghz.o
                0x08007494                HAL_SUBGHZ_WriteRegisters
 .text.HAL_SUBGHZ_ReadRegisters
                0x08007552       0xc2 ./Drivers/STM32WLxx_HAL_Driver/Src/stm32wlxx_hal_subghz.o
                0x08007552                HAL_SUBGHZ_ReadRegisters
 .text.HAL_SUBGHZ_ExecSetCmd
                0x08007614       0xbe ./Drivers/STM32WLxx_HAL_Driver/Src/stm32wlxx_hal_subghz.o
                0x08007614                HAL_SUBGHZ_ExecSetCmd
 .text.HAL_SUBGHZ_ExecGetCmd
                0x080076d2       0xa8 ./Drivers/STM32WLxx_HAL_Driver/Src/stm32wlxx_hal_subghz.o
                0x080076d2                HAL_SUBGHZ_ExecGetCmd
 .text.HAL_SUBGHZ_WriteBuffer
                0x0800777a       0xa6 ./Drivers/STM32WLxx_HAL_Driver/Src/stm32wlxx_hal_subghz.o
                0x0800777a                HAL_SUBGHZ_WriteBuffer
 .text.HAL_SUBGHZ_ReadBuffer
                0x08007820       0xb0 ./Drivers/STM32WLxx_HAL_Driver/Src/stm32wlxx_hal_subghz.o
                0x08007820                HAL_SUBGHZ_ReadBuffer
 .text.HAL_SUBGHZ_IRQHandler
                0x080078d0      0x104 ./Drivers/STM32WLxx_HAL_Driver/Src/stm32wlxx_hal_subghz.o
                0x080078d0                HAL_SUBGHZ_IRQHandler
 .text.SUBGHZSPI_Init
                0x080079d4       0x40 ./Drivers/STM32WLxx_HAL_Driver/Src/stm32wlxx_hal_subghz.o
                0x080079d4                SUBGHZSPI_Init
 .text.SUBGHZSPI_Transmit
                0x08007a14       0xac ./Drivers/STM32WLxx_HAL_Driver/Src/stm32wlxx_hal_subghz.o
                0x08007a14                SUBGHZSPI_Transmit
 .text.SUBGHZSPI_Receive
                0x08007ac0       0xb0 ./Drivers/STM32WLxx_HAL_Driver/Src/stm32wlxx_hal_subghz.o
                0x08007ac0                SUBGHZSPI_Receive
 .text.SUBGHZ_CheckDeviceReady
                0x08007b70       0x48 ./Drivers/STM32WLxx_HAL_Driver/Src/stm32wlxx_hal_subghz.o
                0x08007b70                SUBGHZ_CheckDeviceReady
 .text.SUBGHZ_WaitOnBusy
                0x08007bb8       0x5c ./Drivers/STM32WLxx_HAL_Driver/Src/stm32wlxx_hal_subghz.o
                0x08007bb8                SUBGHZ_WaitOnBusy
 .text.LL_RCC_GetUSARTClockSource
                0x08007c14       0x24 ./Drivers/STM32WLxx_HAL_Driver/Src/stm32wlxx_hal_uart.o
 .text.LL_RCC_GetLPUARTClockSource
                0x08007c38       0x1e ./Drivers/STM32WLxx_HAL_Driver/Src/stm32wlxx_hal_uart.o
 .text.HAL_UART_Init
                0x08007c56       0xa0 ./Drivers/STM32WLxx_HAL_Driver/Src/stm32wlxx_hal_uart.o
                0x08007c56                HAL_UART_Init
 .text.HAL_UART_Transmit
                0x08007cf6      0x10c ./Drivers/STM32WLxx_HAL_Driver/Src/stm32wlxx_hal_uart.o
                0x08007cf6                HAL_UART_Transmit
 *fill*         0x08007e02        0x2 
 .text.HAL_UART_Receive_IT
                0x08007e04       0x98 ./Drivers/STM32WLxx_HAL_Driver/Src/stm32wlxx_hal_uart.o
                0x08007e04                HAL_UART_Receive_IT
 .text.HAL_UART_IRQHandler
                0x08007e9c      0x648 ./Drivers/STM32WLxx_HAL_Driver/Src/stm32wlxx_hal_uart.o
                0x08007e9c                HAL_UART_IRQHandler
 .text.HAL_UART_TxCpltCallback
                0x080084e4       0x12 ./Drivers/STM32WLxx_HAL_Driver/Src/stm32wlxx_hal_uart.o
                0x080084e4                HAL_UART_TxCpltCallback
 .text.HAL_UART_ErrorCallback
                0x080084f6       0x12 ./Drivers/STM32WLxx_HAL_Driver/Src/stm32wlxx_hal_uart.o
                0x080084f6                HAL_UART_ErrorCallback
 .text.HAL_UARTEx_RxEventCallback
                0x08008508       0x16 ./Drivers/STM32WLxx_HAL_Driver/Src/stm32wlxx_hal_uart.o
                0x08008508                HAL_UARTEx_RxEventCallback
 *fill*         0x0800851e        0x2 
 .text.UART_SetConfig
                0x08008520      0x4e8 ./Drivers/STM32WLxx_HAL_Driver/Src/stm32wlxx_hal_uart.o
                0x08008520                UART_SetConfig
 .text.UART_AdvFeatureConfig
                0x08008a08      0x142 ./Drivers/STM32WLxx_HAL_Driver/Src/stm32wlxx_hal_uart.o
                0x08008a08                UART_AdvFeatureConfig
 .text.UART_CheckIdleState
                0x08008b4a       0x9c ./Drivers/STM32WLxx_HAL_Driver/Src/stm32wlxx_hal_uart.o
                0x08008b4a                UART_CheckIdleState
 .text.UART_WaitOnFlagUntilTimeout
                0x08008be6      0x19c ./Drivers/STM32WLxx_HAL_Driver/Src/stm32wlxx_hal_uart.o
                0x08008be6                UART_WaitOnFlagUntilTimeout
 *fill*         0x08008d82        0x2 
 .text.UART_Start_Receive_IT
                0x08008d84      0x240 ./Drivers/STM32WLxx_HAL_Driver/Src/stm32wlxx_hal_uart.o
                0x08008d84                UART_Start_Receive_IT
 .text.UART_EndRxTransfer
                0x08008fc4       0xca ./Drivers/STM32WLxx_HAL_Driver/Src/stm32wlxx_hal_uart.o
 .text.UART_DMAAbortOnError
                0x0800908e       0x2c ./Drivers/STM32WLxx_HAL_Driver/Src/stm32wlxx_hal_uart.o
 .text.UART_EndTransmit_IT
                0x080090ba       0x56 ./Drivers/STM32WLxx_HAL_Driver/Src/stm32wlxx_hal_uart.o
 .text.UART_RxISR_8BIT
                0x08009110      0x1b8 ./Drivers/STM32WLxx_HAL_Driver/Src/stm32wlxx_hal_uart.o
 .text.UART_RxISR_16BIT
                0x080092c8      0x1b8 ./Drivers/STM32WLxx_HAL_Driver/Src/stm32wlxx_hal_uart.o
 .text.UART_RxISR_8BIT_FIFOEN
                0x08009480      0x360 ./Drivers/STM32WLxx_HAL_Driver/Src/stm32wlxx_hal_uart.o
 .text.UART_RxISR_16BIT_FIFOEN
                0x080097e0      0x368 ./Drivers/STM32WLxx_HAL_Driver/Src/stm32wlxx_hal_uart.o
 .text.HAL_UARTEx_WakeupCallback
                0x08009b48       0x12 ./Drivers/STM32WLxx_HAL_Driver/Src/stm32wlxx_hal_uart_ex.o
                0x08009b48                HAL_UARTEx_WakeupCallback
 .text.HAL_UARTEx_RxFifoFullCallback
                0x08009b5a       0x12 ./Drivers/STM32WLxx_HAL_Driver/Src/stm32wlxx_hal_uart_ex.o
                0x08009b5a                HAL_UARTEx_RxFifoFullCallback
 .text.HAL_UARTEx_TxFifoEmptyCallback
                0x08009b6c       0x12 ./Drivers/STM32WLxx_HAL_Driver/Src/stm32wlxx_hal_uart_ex.o
                0x08009b6c                HAL_UARTEx_TxFifoEmptyCallback
 .text.HAL_UARTEx_DisableFifoMode
                0x08009b7e       0x70 ./Drivers/STM32WLxx_HAL_Driver/Src/stm32wlxx_hal_uart_ex.o
                0x08009b7e                HAL_UARTEx_DisableFifoMode
 .text.HAL_UARTEx_SetTxFifoThreshold
                0x08009bee       0x7c ./Drivers/STM32WLxx_HAL_Driver/Src/stm32wlxx_hal_uart_ex.o
                0x08009bee                HAL_UARTEx_SetTxFifoThreshold
 .text.HAL_UARTEx_SetRxFifoThreshold
                0x08009c6a       0x7c ./Drivers/STM32WLxx_HAL_Driver/Src/stm32wlxx_hal_uart_ex.o
                0x08009c6a                HAL_UARTEx_SetRxFifoThreshold
 *fill*         0x08009ce6        0x2 
 .text.UARTEx_SetNbDataToProcess
                0x08009ce8       0x98 ./Drivers/STM32WLxx_HAL_Driver/Src/stm32wlxx_hal_uart_ex.o
 .text.sprintf  0x08009d80       0x40 C:/ST/STM32CubeIDE_1.17.0/STM32CubeIDE/plugins/com.st.stm32cube.ide.mcu.externaltools.gnu-tools-for-stm32.12.3.rel1.win32_1.1.0.202410251130/tools/bin/../lib/gcc/arm-none-eabi/12.3.1/../../../../arm-none-eabi/lib/thumb/v7e-m/nofp\libc_nano.a(libc_a-sprintf.o)
                0x08009d80                siprintf
                0x08009d80                sprintf
 .text.memset   0x08009dc0       0x10 C:/ST/STM32CubeIDE_1.17.0/STM32CubeIDE/plugins/com.st.stm32cube.ide.mcu.externaltools.gnu-tools-for-stm32.12.3.rel1.win32_1.1.0.202410251130/tools/bin/../lib/gcc/arm-none-eabi/12.3.1/../../../../arm-none-eabi/lib/thumb/v7e-m/nofp\libc_nano.a(libc_a-memset.o)
                0x08009dc0                memset
 .text.strchr   0x08009dd0       0x1a C:/ST/STM32CubeIDE_1.17.0/STM32CubeIDE/plugins/com.st.stm32cube.ide.mcu.externaltools.gnu-tools-for-stm32.12.3.rel1.win32_1.1.0.202410251130/tools/bin/../lib/gcc/arm-none-eabi/12.3.1/../../../../arm-none-eabi/lib/thumb/v7e-m/nofp\libc_nano.a(libc_a-strchr.o)
                0x08009dd0                strchr
 *fill*         0x08009dea        0x2 
 .text.__errno  0x08009dec        0xc C:/ST/STM32CubeIDE_1.17.0/STM32CubeIDE/plugins/com.st.stm32cube.ide.mcu.externaltools.gnu-tools-for-stm32.12.3.rel1.win32_1.1.0.202410251130/tools/bin/../lib/gcc/arm-none-eabi/12.3.1/../../../../arm-none-eabi/lib/thumb/v7e-m/nofp\libc_nano.a(libc_a-errno.o)
                0x08009dec                __errno
 .text.__libc_init_array
                0x08009df8       0x48 C:/ST/STM32CubeIDE_1.17.0/STM32CubeIDE/plugins/com.st.stm32cube.ide.mcu.externaltools.gnu-tools-for-stm32.12.3.rel1.win32_1.1.0.202410251130/tools/bin/../lib/gcc/arm-none-eabi/12.3.1/../../../../arm-none-eabi/lib/thumb/v7e-m/nofp\libc_nano.a(libc_a-init.o)
                0x08009df8                __libc_init_array
 .text.__retarget_lock_acquire_recursive
                0x08009e40        0x2 C:/ST/STM32CubeIDE_1.17.0/STM32CubeIDE/plugins/com.st.stm32cube.ide.mcu.externaltools.gnu-tools-for-stm32.12.3.rel1.win32_1.1.0.202410251130/tools/bin/../lib/gcc/arm-none-eabi/12.3.1/../../../../arm-none-eabi/lib/thumb/v7e-m/nofp\libc_nano.a(libc_a-lock.o)
                0x08009e40                __retarget_lock_acquire_recursive
 .text.__retarget_lock_release_recursive
                0x08009e42        0x2 C:/ST/STM32CubeIDE_1.17.0/STM32CubeIDE/plugins/com.st.stm32cube.ide.mcu.externaltools.gnu-tools-for-stm32.12.3.rel1.win32_1.1.0.202410251130/tools/bin/../lib/gcc/arm-none-eabi/12.3.1/../../../../arm-none-eabi/lib/thumb/v7e-m/nofp\libc_nano.a(libc_a-lock.o)
                0x08009e42                __retarget_lock_release_recursive
 .text.memcpy   0x08009e44       0x1c C:/ST/STM32CubeIDE_1.17.0/STM32CubeIDE/plugins/com.st.stm32cube.ide.mcu.externaltools.gnu-tools-for-stm32.12.3.rel1.win32_1.1.0.202410251130/tools/bin/../lib/gcc/arm-none-eabi/12.3.1/../../../../arm-none-eabi/lib/thumb/v7e-m/nofp\libc_nano.a(libc_a-memcpy-stub.o)
                0x08009e44                memcpy
 .text._free_r  0x08009e60       0x94 C:/ST/STM32CubeIDE_1.17.0/STM32CubeIDE/plugins/com.st.stm32cube.ide.mcu.externaltools.gnu-tools-for-stm32.12.3.rel1.win32_1.1.0.202410251130/tools/bin/../lib/gcc/arm-none-eabi/12.3.1/../../../../arm-none-eabi/lib/thumb/v7e-m/nofp\libc_nano.a(libc_a-freer.o)
                0x08009e60                _free_r
 .text.sbrk_aligned
                0x08009ef4       0x44 C:/ST/STM32CubeIDE_1.17.0/STM32CubeIDE/plugins/com.st.stm32cube.ide.mcu.externaltools.gnu-tools-for-stm32.12.3.rel1.win32_1.1.0.202410251130/tools/bin/../lib/gcc/arm-none-eabi/12.3.1/../../../../arm-none-eabi/lib/thumb/v7e-m/nofp\libc_nano.a(libc_a-mallocr.o)
 .text._malloc_r
                0x08009f38      0x100 C:/ST/STM32CubeIDE_1.17.0/STM32CubeIDE/plugins/com.st.stm32cube.ide.mcu.externaltools.gnu-tools-for-stm32.12.3.rel1.win32_1.1.0.202410251130/tools/bin/../lib/gcc/arm-none-eabi/12.3.1/../../../../arm-none-eabi/lib/thumb/v7e-m/nofp\libc_nano.a(libc_a-mallocr.o)
                0x08009f38                _malloc_r
 .text.__malloc_lock
                0x0800a038        0xc C:/ST/STM32CubeIDE_1.17.0/STM32CubeIDE/plugins/com.st.stm32cube.ide.mcu.externaltools.gnu-tools-for-stm32.12.3.rel1.win32_1.1.0.202410251130/tools/bin/../lib/gcc/arm-none-eabi/12.3.1/../../../../arm-none-eabi/lib/thumb/v7e-m/nofp\libc_nano.a(libc_a-mlock.o)
                0x0800a038                __malloc_lock
 .text.__malloc_unlock
                0x0800a044        0xc C:/ST/STM32CubeIDE_1.17.0/STM32CubeIDE/plugins/com.st.stm32cube.ide.mcu.externaltools.gnu-tools-for-stm32.12.3.rel1.win32_1.1.0.202410251130/tools/bin/../lib/gcc/arm-none-eabi/12.3.1/../../../../arm-none-eabi/lib/thumb/v7e-m/nofp\libc_nano.a(libc_a-mlock.o)
                0x0800a044                __malloc_unlock
 .text.__ssputs_r
                0x0800a050       0xb6 C:/ST/STM32CubeIDE_1.17.0/STM32CubeIDE/plugins/com.st.stm32cube.ide.mcu.externaltools.gnu-tools-for-stm32.12.3.rel1.win32_1.1.0.202410251130/tools/bin/../lib/gcc/arm-none-eabi/12.3.1/../../../../arm-none-eabi/lib/thumb/v7e-m/nofp\libc_nano.a(libc_a-nano-svfprintf.o)
                0x0800a050                __ssputs_r
 *fill*         0x0800a106        0x2 
 .text._svfprintf_r
                0x0800a108      0x1f8 C:/ST/STM32CubeIDE_1.17.0/STM32CubeIDE/plugins/com.st.stm32cube.ide.mcu.externaltools.gnu-tools-for-stm32.12.3.rel1.win32_1.1.0.202410251130/tools/bin/../lib/gcc/arm-none-eabi/12.3.1/../../../../arm-none-eabi/lib/thumb/v7e-m/nofp\libc_nano.a(libc_a-nano-svfprintf.o)
                0x0800a108                _svfiprintf_r
                0x0800a108                _svfprintf_r
 .text._printf_common
                0x0800a300       0xda C:/ST/STM32CubeIDE_1.17.0/STM32CubeIDE/plugins/com.st.stm32cube.ide.mcu.externaltools.gnu-tools-for-stm32.12.3.rel1.win32_1.1.0.202410251130/tools/bin/../lib/gcc/arm-none-eabi/12.3.1/../../../../arm-none-eabi/lib/thumb/v7e-m/nofp\libc_nano.a(libc_a-nano-vfprintf_i.o)
                0x0800a300                _printf_common
 *fill*         0x0800a3da        0x2 
 .text._printf_i
                0x0800a3dc      0x240 C:/ST/STM32CubeIDE_1.17.0/STM32CubeIDE/plugins/com.st.stm32cube.ide.mcu.externaltools.gnu-tools-for-stm32.12.3.rel1.win32_1.1.0.202410251130/tools/bin/../lib/gcc/arm-none-eabi/12.3.1/../../../../arm-none-eabi/lib/thumb/v7e-m/nofp\libc_nano.a(libc_a-nano-vfprintf_i.o)
                0x0800a3dc                _printf_i
 .text.memmove  0x0800a61c       0x34 C:/ST/STM32CubeIDE_1.17.0/STM32CubeIDE/plugins/com.st.stm32cube.ide.mcu.externaltools.gnu-tools-for-stm32.12.3.rel1.win32_1.1.0.202410251130/tools/bin/../lib/gcc/arm-none-eabi/12.3.1/../../../../arm-none-eabi/lib/thumb/v7e-m/nofp\libc_nano.a(libc_a-memmove.o)
                0x0800a61c                memmove
 .text._sbrk_r  0x0800a650       0x20 C:/ST/STM32CubeIDE_1.17.0/STM32CubeIDE/plugins/com.st.stm32cube.ide.mcu.externaltools.gnu-tools-for-stm32.12.3.rel1.win32_1.1.0.202410251130/tools/bin/../lib/gcc/arm-none-eabi/12.3.1/../../../../arm-none-eabi/lib/thumb/v7e-m/nofp\libc_nano.a(libc_a-sbrkr.o)
                0x0800a650                _sbrk_r
 .text._realloc_r
                0x0800a670       0x5c C:/ST/STM32CubeIDE_1.17.0/STM32CubeIDE/plugins/com.st.stm32cube.ide.mcu.externaltools.gnu-tools-for-stm32.12.3.rel1.win32_1.1.0.202410251130/tools/bin/../lib/gcc/arm-none-eabi/12.3.1/../../../../arm-none-eabi/lib/thumb/v7e-m/nofp\libc_nano.a(libc_a-reallocr.o)
                0x0800a670                _realloc_r
 .text._malloc_usable_size_r
                0x0800a6cc       0x10 C:/ST/STM32CubeIDE_1.17.0/STM32CubeIDE/plugins/com.st.stm32cube.ide.mcu.externaltools.gnu-tools-for-stm32.12.3.rel1.win32_1.1.0.202410251130/tools/bin/../lib/gcc/arm-none-eabi/12.3.1/../../../../arm-none-eabi/lib/thumb/v7e-m/nofp\libc_nano.a(libc_a-msizer.o)
                0x0800a6cc                _malloc_usable_size_r
 *(.glue_7)
 .glue_7        0x0800a6dc        0x0 linker stubs
 *(.glue_7t)
 .glue_7t       0x0800a6dc        0x0 linker stubs
 *(.eh_frame)
 .eh_frame      0x0800a6dc        0x0 C:/ST/STM32CubeIDE_1.17.0/STM32CubeIDE/plugins/com.st.stm32cube.ide.mcu.externaltools.gnu-tools-for-stm32.12.3.rel1.win32_1.1.0.202410251130/tools/bin/../lib/gcc/arm-none-eabi/12.3.1/thumb/v7e-m/nofp/crtbegin.o
 *(.init)
 .init          0x0800a6dc        0x4 C:/ST/STM32CubeIDE_1.17.0/STM32CubeIDE/plugins/com.st.stm32cube.ide.mcu.externaltools.gnu-tools-for-stm32.12.3.rel1.win32_1.1.0.202410251130/tools/bin/../lib/gcc/arm-none-eabi/12.3.1/thumb/v7e-m/nofp/crti.o
                0x0800a6dc                _init
 .init          0x0800a6e0        0x8 C:/ST/STM32CubeIDE_1.17.0/STM32CubeIDE/plugins/com.st.stm32cube.ide.mcu.externaltools.gnu-tools-for-stm32.12.3.rel1.win32_1.1.0.202410251130/tools/bin/../lib/gcc/arm-none-eabi/12.3.1/thumb/v7e-m/nofp/crtn.o
 *(.fini)
 .fini          0x0800a6e8        0x4 C:/ST/STM32CubeIDE_1.17.0/STM32CubeIDE/plugins/com.st.stm32cube.ide.mcu.externaltools.gnu-tools-for-stm32.12.3.rel1.win32_1.1.0.202410251130/tools/bin/../lib/gcc/arm-none-eabi/12.3.1/thumb/v7e-m/nofp/crti.o
                0x0800a6e8                _fini
 .fini          0x0800a6ec        0x8 C:/ST/STM32CubeIDE_1.17.0/STM32CubeIDE/plugins/com.st.stm32cube.ide.mcu.externaltools.gnu-tools-for-stm32.12.3.rel1.win32_1.1.0.202410251130/tools/bin/../lib/gcc/arm-none-eabi/12.3.1/thumb/v7e-m/nofp/crtn.o
                0x0800a6f4                        . = ALIGN (0x4)
                0x0800a6f4                        _etext = .

.vfp11_veneer   0x0800a6f4        0x0
 .vfp11_veneer  0x0800a6f4        0x0 linker stubs

.v4_bx          0x0800a6f4        0x0
 .v4_bx         0x0800a6f4        0x0 linker stubs

.iplt           0x0800a6f4        0x0
 .iplt          0x0800a6f4        0x0 C:/ST/STM32CubeIDE_1.17.0/STM32CubeIDE/plugins/com.st.stm32cube.ide.mcu.externaltools.gnu-tools-for-stm32.12.3.rel1.win32_1.1.0.202410251130/tools/bin/../lib/gcc/arm-none-eabi/12.3.1/thumb/v7e-m/nofp/crtbegin.o

.rodata         0x0800a6f4      0x418
                0x0800a6f4                        . = ALIGN (0x4)
 *(.rodata)
 .rodata        0x0800a6f4       0x9c ./Core/Src/main.o
 .rodata        0x0800a790       0x7c ./Core/Src/radio.o
 .rodata        0x0800a80c       0x11 ./Core/Src/radio_driver.o
 *fill*         0x0800a81d        0x3 
 .rodata        0x0800a820       0x57 ./Core/Src/stm32_tiny_vsnprintf.o
 *fill*         0x0800a877        0x1 
 .rodata        0x0800a878       0x1c ./Drivers/STM32WLxx_HAL_Driver/Src/stm32wlxx_hal_rcc.o
 *(.rodata*)
 .rodata.Radio  0x0800a894       0x8c ./Core/Src/radio.o
                0x0800a894                Radio
 .rodata.Bandwidths
                0x0800a920        0x3 ./Core/Src/radio.o
                0x0800a920                Bandwidths
 *fill*         0x0800a923        0x1 
 .rodata.FskBandwidths
                0x0800a924       0xb0 ./Core/Src/radio_driver.o
 .rodata.UTIL_TraceDriver
                0x0800a9d4       0x10 ./Core/Src/stm32_adv_trace_if_template.o
                0x0800a9d4                UTIL_TraceDriver
 .rodata.UTIL_TimerDriver
                0x0800a9e4       0x2c ./Core/Src/stm32_timer_if.o
                0x0800a9e4                UTIL_TimerDriver
 .rodata.AHBPrescTable
                0x0800aa10       0x40 ./Core/Src/system_stm32wlxx.o
                0x0800aa10                AHBPrescTable
 .rodata.APBPrescTable
                0x0800aa50       0x20 ./Core/Src/system_stm32wlxx.o
                0x0800aa50                APBPrescTable
 .rodata.MSIRangeTable
                0x0800aa70       0x40 ./Core/Src/system_stm32wlxx.o
                0x0800aa70                MSIRangeTable
 .rodata.UARTPrescTable
                0x0800aab0       0x18 ./Drivers/STM32WLxx_HAL_Driver/Src/stm32wlxx_hal_uart.o
                0x0800aab0                UARTPrescTable
 .rodata.numerator.1
                0x0800aac8        0x8 ./Drivers/STM32WLxx_HAL_Driver/Src/stm32wlxx_hal_uart_ex.o
 .rodata.denominator.0
                0x0800aad0        0x8 ./Drivers/STM32WLxx_HAL_Driver/Src/stm32wlxx_hal_uart_ex.o
 .rodata._svfprintf_r.str1.1
                0x0800aad8       0x11 C:/ST/STM32CubeIDE_1.17.0/STM32CubeIDE/plugins/com.st.stm32cube.ide.mcu.externaltools.gnu-tools-for-stm32.12.3.rel1.win32_1.1.0.202410251130/tools/bin/../lib/gcc/arm-none-eabi/12.3.1/../../../../arm-none-eabi/lib/thumb/v7e-m/nofp\libc_nano.a(libc_a-nano-svfprintf.o)
 .rodata._printf_i.str1.1
                0x0800aae9       0x22 C:/ST/STM32CubeIDE_1.17.0/STM32CubeIDE/plugins/com.st.stm32cube.ide.mcu.externaltools.gnu-tools-for-stm32.12.3.rel1.win32_1.1.0.202410251130/tools/bin/../lib/gcc/arm-none-eabi/12.3.1/../../../../arm-none-eabi/lib/thumb/v7e-m/nofp\libc_nano.a(libc_a-nano-vfprintf_i.o)
                0x0800ab0c                        . = ALIGN (0x4)
 *fill*         0x0800ab0b        0x1 

.ARM.extab      0x0800ab0c        0x0
                0x0800ab0c                        . = ALIGN (0x4)
 *(.ARM.extab* .gnu.linkonce.armextab.*)
                0x0800ab0c                        . = ALIGN (0x4)

.ARM            0x0800ab0c        0x8
                0x0800ab0c                        . = ALIGN (0x4)
                0x0800ab0c                        __exidx_start = .
 *(.ARM.exidx*)
 .ARM.exidx     0x0800ab0c        0x8 C:/ST/STM32CubeIDE_1.17.0/STM32CubeIDE/plugins/com.st.stm32cube.ide.mcu.externaltools.gnu-tools-for-stm32.12.3.rel1.win32_1.1.0.202410251130/tools/bin/../lib/gcc/arm-none-eabi/12.3.1/../../../../arm-none-eabi/lib/thumb/v7e-m/nofp\libc_nano.a(libc_a-strlen.o)
 .ARM.exidx     0x0800ab14        0x0 C:/ST/STM32CubeIDE_1.17.0/STM32CubeIDE/plugins/com.st.stm32cube.ide.mcu.externaltools.gnu-tools-for-stm32.12.3.rel1.win32_1.1.0.202410251130/tools/bin/../lib/gcc/arm-none-eabi/12.3.1/../../../../arm-none-eabi/lib/thumb/v7e-m/nofp\libc_nano.a(libc_a-memchr.o)
                                  0x8 (size before relaxing)
 .ARM.exidx     0x0800ab14        0x0 C:/ST/STM32CubeIDE_1.17.0/STM32CubeIDE/plugins/com.st.stm32cube.ide.mcu.externaltools.gnu-tools-for-stm32.12.3.rel1.win32_1.1.0.202410251130/tools/bin/../lib/gcc/arm-none-eabi/12.3.1/thumb/v7e-m/nofp\libgcc.a(_udivmoddi4.o)
                                  0x8 (size before relaxing)
                0x0800ab14                        __exidx_end = .
                0x0800ab14                        . = ALIGN (0x4)

.preinit_array  0x0800ab14        0x0
                0x0800ab14                        . = ALIGN (0x4)
                0x0800ab14                        PROVIDE (__preinit_array_start = .)
 *(.preinit_array*)
                0x0800ab14                        PROVIDE (__preinit_array_end = .)
                0x0800ab14                        . = ALIGN (0x4)

.init_array     0x0800ab14        0x4
                0x0800ab14                        . = ALIGN (0x4)
                0x0800ab14                        PROVIDE (__init_array_start = .)
 *(SORT_BY_NAME(.init_array.*))
 *(.init_array*)
 .init_array    0x0800ab14        0x4 C:/ST/STM32CubeIDE_1.17.0/STM32CubeIDE/plugins/com.st.stm32cube.ide.mcu.externaltools.gnu-tools-for-stm32.12.3.rel1.win32_1.1.0.202410251130/tools/bin/../lib/gcc/arm-none-eabi/12.3.1/thumb/v7e-m/nofp/crtbegin.o
                0x0800ab18                        PROVIDE (__init_array_end = .)
                0x0800ab18                        . = ALIGN (0x4)

.fini_array     0x0800ab18        0x4
                0x0800ab18                        . = ALIGN (0x4)
                [!provide]                        PROVIDE (__fini_array_start = .)
 *(SORT_BY_NAME(.fini_array.*))
 *(.fini_array*)
 .fini_array    0x0800ab18        0x4 C:/ST/STM32CubeIDE_1.17.0/STM32CubeIDE/plugins/com.st.stm32cube.ide.mcu.externaltools.gnu-tools-for-stm32.12.3.rel1.win32_1.1.0.202410251130/tools/bin/../lib/gcc/arm-none-eabi/12.3.1/thumb/v7e-m/nofp/crtbegin.o
                [!provide]                        PROVIDE (__fini_array_end = .)
                0x0800ab1c                        . = ALIGN (0x4)
                0x0800ab1c                        _sidata = LOADADDR (.data)

.rel.dyn        0x0800ab1c        0x0
 .rel.iplt      0x0800ab1c        0x0 C:/ST/STM32CubeIDE_1.17.0/STM32CubeIDE/plugins/com.st.stm32cube.ide.mcu.externaltools.gnu-tools-for-stm32.12.3.rel1.win32_1.1.0.202410251130/tools/bin/../lib/gcc/arm-none-eabi/12.3.1/thumb/v7e-m/nofp/crtbegin.o

.data           0x20000000       0x68 load address 0x0800ab1c
                0x20000000                        . = ALIGN (0x4)
                0x20000000                        _sdata = .
 *(.data)
 *(.data*)
 .data.MaxPayloadLength
                0x20000000        0x1 ./Core/Src/radio.o
 *fill*         0x20000001        0x3 
 .data.lower_digits
                0x20000004        0x4 ./Core/Src/stm32_tiny_vsnprintf.o
 .data.upper_digits
                0x20000008        0x4 ./Core/Src/stm32_tiny_vsnprintf.o
 .data.SystemCoreClock
                0x2000000c        0x4 ./Core/Src/system_stm32wlxx.o
                0x2000000c                SystemCoreClock
 .data.uwTickPrio
                0x20000010        0x4 ./Drivers/STM32WLxx_HAL_Driver/Src/stm32wlxx_hal.o
                0x20000010                uwTickPrio
 .data.uwTickFreq
                0x20000014        0x1 ./Drivers/STM32WLxx_HAL_Driver/Src/stm32wlxx_hal.o
                0x20000014                uwTickFreq
 *fill*         0x20000015        0x3 
 .data._impure_ptr
                0x20000018        0x4 C:/ST/STM32CubeIDE_1.17.0/STM32CubeIDE/plugins/com.st.stm32cube.ide.mcu.externaltools.gnu-tools-for-stm32.12.3.rel1.win32_1.1.0.202410251130/tools/bin/../lib/gcc/arm-none-eabi/12.3.1/../../../../arm-none-eabi/lib/thumb/v7e-m/nofp\libc_nano.a(libc_a-impure.o)
                0x20000018                _impure_ptr
 .data._impure_data
                0x2000001c       0x4c C:/ST/STM32CubeIDE_1.17.0/STM32CubeIDE/plugins/com.st.stm32cube.ide.mcu.externaltools.gnu-tools-for-stm32.12.3.rel1.win32_1.1.0.202410251130/tools/bin/../lib/gcc/arm-none-eabi/12.3.1/../../../../arm-none-eabi/lib/thumb/v7e-m/nofp\libc_nano.a(libc_a-impure.o)
                0x2000001c                _impure_data
 *(.RamFunc)
 *(.RamFunc*)
                0x20000068                        . = ALIGN (0x4)
                0x20000068                        _edata = .

.igot.plt       0x20000068        0x0 load address 0x0800ab84
 .igot.plt      0x20000068        0x0 C:/ST/STM32CubeIDE_1.17.0/STM32CubeIDE/plugins/com.st.stm32cube.ide.mcu.externaltools.gnu-tools-for-stm32.12.3.rel1.win32_1.1.0.202410251130/tools/bin/../lib/gcc/arm-none-eabi/12.3.1/thumb/v7e-m/nofp/crtbegin.o
                0x20000068                        . = ALIGN (0x4)

.bss            0x20000068      0x88c load address 0x0800ab84
                0x20000068                        _sbss = .
                0x20000068                        __bss_start__ = _sbss
 *(.bss)
 .bss           0x20000068       0x1c C:/ST/STM32CubeIDE_1.17.0/STM32CubeIDE/plugins/com.st.stm32cube.ide.mcu.externaltools.gnu-tools-for-stm32.12.3.rel1.win32_1.1.0.202410251130/tools/bin/../lib/gcc/arm-none-eabi/12.3.1/thumb/v7e-m/nofp/crtbegin.o
 *(.bss*)
 .bss.RadioEvents
                0x20000084       0x1c ./Core/Src/main.o
 .bss.BufferTx  0x200000a0       0xff ./Core/Src/main.o
 *fill*         0x2000019f        0x1 
 .bss.TRANSMIT_FLAG
                0x200001a0        0x4 ./Core/Src/main.o
                0x200001a0                TRANSMIT_FLAG
 .bss.received_message
                0x200001a4       0x46 ./Core/Src/main.o
                0x200001a4                received_message
 *fill*         0x200001ea        0x2 
 .bss.RSSI_last
                0x200001ec        0x4 ./Core/Src/main.o
                0x200001ec                RSSI_last
 .bss.rxBuffer  0x200001f0        0x1 ./Core/Src/main.o
                0x200001f0                rxBuffer
 *fill*         0x200001f1        0x3 
 .bss.hi2c2     0x200001f4       0x54 ./Core/Src/main.o
                0x200001f4                hi2c2
 .bss.hsubghz   0x20000248        0xc ./Core/Src/main.o
                0x20000248                hsubghz
 .bss.huart2    0x20000254       0x94 ./Core/Src/main.o
                0x20000254                huart2
 .bss.RadioBuffer
                0x200002e8       0xff ./Core/Src/radio.o
 *fill*         0x200003e7        0x1 
 .bss.RadioEvents
                0x200003e8        0x4 ./Core/Src/radio.o
 .bss.SubgRf    0x200003ec       0x5c ./Core/Src/radio.o
                0x200003ec                SubgRf
 .bss.TxTimeoutTimer
                0x20000448       0x18 ./Core/Src/radio.o
                0x20000448                TxTimeoutTimer
 .bss.RxTimeoutTimer
                0x20000460       0x18 ./Core/Src/radio.o
                0x20000460                RxTimeoutTimer
 .bss.OperatingMode
                0x20000478        0x1 ./Core/Src/radio_driver.o
 .bss.PacketType
                0x20000479        0x1 ./Core/Src/radio_driver.o
 .bss.LoRaHeaderType
                0x2000047a        0x1 ./Core/Src/radio_driver.o
 *fill*         0x2000047b        0x1 
 .bss.FrequencyError
                0x2000047c        0x4 ./Core/Src/radio_driver.o
                0x2000047c                FrequencyError
 .bss.ImageCalibrated
                0x20000480        0x1 ./Core/Src/radio_driver.o
 *fill*         0x20000481        0x3 
 .bss.RadioOnDioIrqCb
                0x20000484        0x4 ./Core/Src/radio_driver.o
 .bss.ADV_TRACE_Ctx
                0x20000488       0x18 ./Core/Src/stm32_adv_trace.o
 .bss.ADV_TRACE_Buffer
                0x200004a0      0x200 ./Core/Src/stm32_adv_trace.o
 .bss.sztmp     0x200006a0      0x100 ./Core/Src/stm32_adv_trace.o
 .bss.TimerListHead
                0x200007a0        0x4 ./Core/Src/stm32_timer.o
 .bss.__sbrk_heap_end
                0x200007a4        0x4 ./Core/Src/sysmem.o
 .bss.uwTick    0x200007a8        0x4 ./Drivers/STM32WLxx_HAL_Driver/Src/stm32wlxx_hal.o
                0x200007a8                uwTick
 .bss.__sf      0x200007ac      0x138 C:/ST/STM32CubeIDE_1.17.0/STM32CubeIDE/plugins/com.st.stm32cube.ide.mcu.externaltools.gnu-tools-for-stm32.12.3.rel1.win32_1.1.0.202410251130/tools/bin/../lib/gcc/arm-none-eabi/12.3.1/../../../../arm-none-eabi/lib/thumb/v7e-m/nofp\libc_nano.a(libc_a-findfp.o)
                0x200007ac                __sf
 .bss.errno     0x200008e4        0x4 C:/ST/STM32CubeIDE_1.17.0/STM32CubeIDE/plugins/com.st.stm32cube.ide.mcu.externaltools.gnu-tools-for-stm32.12.3.rel1.win32_1.1.0.202410251130/tools/bin/../lib/gcc/arm-none-eabi/12.3.1/../../../../arm-none-eabi/lib/thumb/v7e-m/nofp\libc_nano.a(libc_a-reent.o)
                0x200008e4                errno
 .bss.__lock___malloc_recursive_mutex
                0x200008e8        0x1 C:/ST/STM32CubeIDE_1.17.0/STM32CubeIDE/plugins/com.st.stm32cube.ide.mcu.externaltools.gnu-tools-for-stm32.12.3.rel1.win32_1.1.0.202410251130/tools/bin/../lib/gcc/arm-none-eabi/12.3.1/../../../../arm-none-eabi/lib/thumb/v7e-m/nofp\libc_nano.a(libc_a-lock.o)
                0x200008e8                __lock___malloc_recursive_mutex
 *fill*         0x200008e9        0x3 
 .bss.__malloc_sbrk_start
                0x200008ec        0x4 C:/ST/STM32CubeIDE_1.17.0/STM32CubeIDE/plugins/com.st.stm32cube.ide.mcu.externaltools.gnu-tools-for-stm32.12.3.rel1.win32_1.1.0.202410251130/tools/bin/../lib/gcc/arm-none-eabi/12.3.1/../../../../arm-none-eabi/lib/thumb/v7e-m/nofp\libc_nano.a(libc_a-mallocr.o)
                0x200008ec                __malloc_sbrk_start
 .bss.__malloc_free_list
                0x200008f0        0x4 C:/ST/STM32CubeIDE_1.17.0/STM32CubeIDE/plugins/com.st.stm32cube.ide.mcu.externaltools.gnu-tools-for-stm32.12.3.rel1.win32_1.1.0.202410251130/tools/bin/../lib/gcc/arm-none-eabi/12.3.1/../../../../arm-none-eabi/lib/thumb/v7e-m/nofp\libc_nano.a(libc_a-mallocr.o)
                0x200008f0                __malloc_free_list
 *(COMMON)
                0x200008f4                        . = ALIGN (0x4)
                0x200008f4                        _ebss = .
                0x200008f4                        __bss_end__ = _ebss

._user_heap_stack
                0x200008f4      0x604 load address 0x0800ab84
                0x200008f8                        . = ALIGN (0x8)
 *fill*         0x200008f4        0x4 
                [!provide]                        PROVIDE (end = .)
                0x200008f8                        PROVIDE (_end = .)
                0x20000af8                        . = (. + _Min_Heap_Size)
 *fill*         0x200008f8      0x200 
                0x20000ef8                        . = (. + _Min_Stack_Size)
 *fill*         0x20000af8      0x400 
                0x20000ef8                        . = ALIGN (0x8)

/DISCARD/
 libc.a(*)
 libm.a(*)
 libgcc.a(*)

.ARM.attributes
                0x00000000       0x2a
 *(.ARM.attributes)
 .ARM.attributes
                0x00000000       0x1e C:/ST/STM32CubeIDE_1.17.0/STM32CubeIDE/plugins/com.st.stm32cube.ide.mcu.externaltools.gnu-tools-for-stm32.12.3.rel1.win32_1.1.0.202410251130/tools/bin/../lib/gcc/arm-none-eabi/12.3.1/thumb/v7e-m/nofp/crti.o
 .ARM.attributes
                0x0000001e       0x2e C:/ST/STM32CubeIDE_1.17.0/STM32CubeIDE/plugins/com.st.stm32cube.ide.mcu.externaltools.gnu-tools-for-stm32.12.3.rel1.win32_1.1.0.202410251130/tools/bin/../lib/gcc/arm-none-eabi/12.3.1/thumb/v7e-m/nofp/crtbegin.o
 .ARM.attributes
                0x0000004c       0x2e ./Core/Src/main.o
 .ARM.attributes
                0x0000007a       0x2e ./Core/Src/radio.o
 .ARM.attributes
                0x000000a8       0x2e ./Core/Src/radio_board_if.o
 .ARM.attributes
                0x000000d6       0x2e ./Core/Src/radio_driver.o
 .ARM.attributes
                0x00000104       0x2e ./Core/Src/radio_fw.o
 .ARM.attributes
                0x00000132       0x2e ./Core/Src/stm32_adv_trace.o
 .ARM.attributes
                0x00000160       0x2e ./Core/Src/stm32_adv_trace_if_template.o
 .ARM.attributes
                0x0000018e       0x2e ./Core/Src/stm32_mem.o
 .ARM.attributes
                0x000001bc       0x2e ./Core/Src/stm32_timer.o
 .ARM.attributes
                0x000001ea       0x2e ./Core/Src/stm32_timer_if.o
 .ARM.attributes
                0x00000218       0x2e ./Core/Src/stm32_tiny_vsnprintf.o
 .ARM.attributes
                0x00000246       0x2e ./Core/Src/stm32wlxx_hal_msp.o
 .ARM.attributes
                0x00000274       0x2e ./Core/Src/stm32wlxx_it.o
 .ARM.attributes
                0x000002a2       0x2e ./Core/Src/subghz.o
 .ARM.attributes
                0x000002d0       0x2e ./Core/Src/sysmem.o
 .ARM.attributes
                0x000002fe       0x2e ./Core/Src/system_stm32wlxx.o
 .ARM.attributes
                0x0000032c       0x21 ./Core/Startup/startup_stm32wl5mochx.o
 .ARM.attributes
                0x0000034d       0x2e ./Drivers/STM32WLxx_HAL_Driver/Src/stm32wlxx_hal.o
 .ARM.attributes
                0x0000037b       0x2e ./Drivers/STM32WLxx_HAL_Driver/Src/stm32wlxx_hal_cortex.o
 .ARM.attributes
                0x000003a9       0x2e ./Drivers/STM32WLxx_HAL_Driver/Src/stm32wlxx_hal_dma.o
 .ARM.attributes
                0x000003d7       0x2e ./Drivers/STM32WLxx_HAL_Driver/Src/stm32wlxx_hal_gpio.o
 .ARM.attributes
                0x00000405       0x2e ./Drivers/STM32WLxx_HAL_Driver/Src/stm32wlxx_hal_i2c.o
 .ARM.attributes
                0x00000433       0x2e ./Drivers/STM32WLxx_HAL_Driver/Src/stm32wlxx_hal_i2c_ex.o
 .ARM.attributes
                0x00000461       0x2e ./Drivers/STM32WLxx_HAL_Driver/Src/stm32wlxx_hal_pwr.o
 .ARM.attributes
                0x0000048f       0x2e ./Drivers/STM32WLxx_HAL_Driver/Src/stm32wlxx_hal_pwr_ex.o
 .ARM.attributes
                0x000004bd       0x2e ./Drivers/STM32WLxx_HAL_Driver/Src/stm32wlxx_hal_rcc.o
 .ARM.attributes
                0x000004eb       0x2e ./Drivers/STM32WLxx_HAL_Driver/Src/stm32wlxx_hal_rcc_ex.o
 .ARM.attributes
                0x00000519       0x2e ./Drivers/STM32WLxx_HAL_Driver/Src/stm32wlxx_hal_subghz.o
 .ARM.attributes
                0x00000547       0x2e ./Drivers/STM32WLxx_HAL_Driver/Src/stm32wlxx_hal_uart.o
 .ARM.attributes
                0x00000575       0x2e ./Drivers/STM32WLxx_HAL_Driver/Src/stm32wlxx_hal_uart_ex.o
 .ARM.attributes
                0x000005a3       0x2e C:/ST/STM32CubeIDE_1.17.0/STM32CubeIDE/plugins/com.st.stm32cube.ide.mcu.externaltools.gnu-tools-for-stm32.12.3.rel1.win32_1.1.0.202410251130/tools/bin/../lib/gcc/arm-none-eabi/12.3.1/../../../../arm-none-eabi/lib/thumb/v7e-m/nofp\libc_nano.a(libc_a-findfp.o)
 .ARM.attributes
                0x000005d1       0x2e C:/ST/STM32CubeIDE_1.17.0/STM32CubeIDE/plugins/com.st.stm32cube.ide.mcu.externaltools.gnu-tools-for-stm32.12.3.rel1.win32_1.1.0.202410251130/tools/bin/../lib/gcc/arm-none-eabi/12.3.1/../../../../arm-none-eabi/lib/thumb/v7e-m/nofp\libc_nano.a(libc_a-sprintf.o)
 .ARM.attributes
                0x000005ff       0x2e C:/ST/STM32CubeIDE_1.17.0/STM32CubeIDE/plugins/com.st.stm32cube.ide.mcu.externaltools.gnu-tools-for-stm32.12.3.rel1.win32_1.1.0.202410251130/tools/bin/../lib/gcc/arm-none-eabi/12.3.1/../../../../arm-none-eabi/lib/thumb/v7e-m/nofp\libc_nano.a(libc_a-memset.o)
 .ARM.attributes
                0x0000062d       0x2e C:/ST/STM32CubeIDE_1.17.0/STM32CubeIDE/plugins/com.st.stm32cube.ide.mcu.externaltools.gnu-tools-for-stm32.12.3.rel1.win32_1.1.0.202410251130/tools/bin/../lib/gcc/arm-none-eabi/12.3.1/../../../../arm-none-eabi/lib/thumb/v7e-m/nofp\libc_nano.a(libc_a-strchr.o)
 .ARM.attributes
                0x0000065b       0x2e C:/ST/STM32CubeIDE_1.17.0/STM32CubeIDE/plugins/com.st.stm32cube.ide.mcu.externaltools.gnu-tools-for-stm32.12.3.rel1.win32_1.1.0.202410251130/tools/bin/../lib/gcc/arm-none-eabi/12.3.1/../../../../arm-none-eabi/lib/thumb/v7e-m/nofp\libc_nano.a(libc_a-reent.o)
 .ARM.attributes
                0x00000689       0x2e C:/ST/STM32CubeIDE_1.17.0/STM32CubeIDE/plugins/com.st.stm32cube.ide.mcu.externaltools.gnu-tools-for-stm32.12.3.rel1.win32_1.1.0.202410251130/tools/bin/../lib/gcc/arm-none-eabi/12.3.1/../../../../arm-none-eabi/lib/thumb/v7e-m/nofp\libc_nano.a(libc_a-impure.o)
 .ARM.attributes
                0x000006b7       0x2e C:/ST/STM32CubeIDE_1.17.0/STM32CubeIDE/plugins/com.st.stm32cube.ide.mcu.externaltools.gnu-tools-for-stm32.12.3.rel1.win32_1.1.0.202410251130/tools/bin/../lib/gcc/arm-none-eabi/12.3.1/../../../../arm-none-eabi/lib/thumb/v7e-m/nofp\libc_nano.a(libc_a-errno.o)
 .ARM.attributes
                0x000006e5       0x2e C:/ST/STM32CubeIDE_1.17.0/STM32CubeIDE/plugins/com.st.stm32cube.ide.mcu.externaltools.gnu-tools-for-stm32.12.3.rel1.win32_1.1.0.202410251130/tools/bin/../lib/gcc/arm-none-eabi/12.3.1/../../../../arm-none-eabi/lib/thumb/v7e-m/nofp\libc_nano.a(libc_a-init.o)
 .ARM.attributes
                0x00000713       0x2e C:/ST/STM32CubeIDE_1.17.0/STM32CubeIDE/plugins/com.st.stm32cube.ide.mcu.externaltools.gnu-tools-for-stm32.12.3.rel1.win32_1.1.0.202410251130/tools/bin/../lib/gcc/arm-none-eabi/12.3.1/../../../../arm-none-eabi/lib/thumb/v7e-m/nofp\libc_nano.a(libc_a-lock.o)
 .ARM.attributes
                0x00000741       0x2e C:/ST/STM32CubeIDE_1.17.0/STM32CubeIDE/plugins/com.st.stm32cube.ide.mcu.externaltools.gnu-tools-for-stm32.12.3.rel1.win32_1.1.0.202410251130/tools/bin/../lib/gcc/arm-none-eabi/12.3.1/../../../../arm-none-eabi/lib/thumb/v7e-m/nofp\libc_nano.a(libc_a-memcpy-stub.o)
 .ARM.attributes
                0x0000076f       0x17 C:/ST/STM32CubeIDE_1.17.0/STM32CubeIDE/plugins/com.st.stm32cube.ide.mcu.externaltools.gnu-tools-for-stm32.12.3.rel1.win32_1.1.0.202410251130/tools/bin/../lib/gcc/arm-none-eabi/12.3.1/../../../../arm-none-eabi/lib/thumb/v7e-m/nofp\libc_nano.a(libc_a-strlen.o)
 .ARM.attributes
                0x00000786       0x2e C:/ST/STM32CubeIDE_1.17.0/STM32CubeIDE/plugins/com.st.stm32cube.ide.mcu.externaltools.gnu-tools-for-stm32.12.3.rel1.win32_1.1.0.202410251130/tools/bin/../lib/gcc/arm-none-eabi/12.3.1/../../../../arm-none-eabi/lib/thumb/v7e-m/nofp\libc_nano.a(libc_a-freer.o)
 .ARM.attributes
                0x000007b4       0x2e C:/ST/STM32CubeIDE_1.17.0/STM32CubeIDE/plugins/com.st.stm32cube.ide.mcu.externaltools.gnu-tools-for-stm32.12.3.rel1.win32_1.1.0.202410251130/tools/bin/../lib/gcc/arm-none-eabi/12.3.1/../../../../arm-none-eabi/lib/thumb/v7e-m/nofp\libc_nano.a(libc_a-mallocr.o)
 .ARM.attributes
                0x000007e2       0x2e C:/ST/STM32CubeIDE_1.17.0/STM32CubeIDE/plugins/com.st.stm32cube.ide.mcu.externaltools.gnu-tools-for-stm32.12.3.rel1.win32_1.1.0.202410251130/tools/bin/../lib/gcc/arm-none-eabi/12.3.1/../../../../arm-none-eabi/lib/thumb/v7e-m/nofp\libc_nano.a(libc_a-mlock.o)
 .ARM.attributes
                0x00000810       0x2e C:/ST/STM32CubeIDE_1.17.0/STM32CubeIDE/plugins/com.st.stm32cube.ide.mcu.externaltools.gnu-tools-for-stm32.12.3.rel1.win32_1.1.0.202410251130/tools/bin/../lib/gcc/arm-none-eabi/12.3.1/../../../../arm-none-eabi/lib/thumb/v7e-m/nofp\libc_nano.a(libc_a-nano-svfprintf.o)
 .ARM.attributes
                0x0000083e       0x2e C:/ST/STM32CubeIDE_1.17.0/STM32CubeIDE/plugins/com.st.stm32cube.ide.mcu.externaltools.gnu-tools-for-stm32.12.3.rel1.win32_1.1.0.202410251130/tools/bin/../lib/gcc/arm-none-eabi/12.3.1/../../../../arm-none-eabi/lib/thumb/v7e-m/nofp\libc_nano.a(libc_a-nano-vfprintf_i.o)
 .ARM.attributes
                0x0000086c       0x2e C:/ST/STM32CubeIDE_1.17.0/STM32CubeIDE/plugins/com.st.stm32cube.ide.mcu.externaltools.gnu-tools-for-stm32.12.3.rel1.win32_1.1.0.202410251130/tools/bin/../lib/gcc/arm-none-eabi/12.3.1/../../../../arm-none-eabi/lib/thumb/v7e-m/nofp\libc_nano.a(libc_a-memmove.o)
 .ARM.attributes
                0x0000089a       0x2e C:/ST/STM32CubeIDE_1.17.0/STM32CubeIDE/plugins/com.st.stm32cube.ide.mcu.externaltools.gnu-tools-for-stm32.12.3.rel1.win32_1.1.0.202410251130/tools/bin/../lib/gcc/arm-none-eabi/12.3.1/../../../../arm-none-eabi/lib/thumb/v7e-m/nofp\libc_nano.a(libc_a-sbrkr.o)
 .ARM.attributes
                0x000008c8       0x1c C:/ST/STM32CubeIDE_1.17.0/STM32CubeIDE/plugins/com.st.stm32cube.ide.mcu.externaltools.gnu-tools-for-stm32.12.3.rel1.win32_1.1.0.202410251130/tools/bin/../lib/gcc/arm-none-eabi/12.3.1/../../../../arm-none-eabi/lib/thumb/v7e-m/nofp\libc_nano.a(libc_a-memchr.o)
 .ARM.attributes
                0x000008e4       0x2e C:/ST/STM32CubeIDE_1.17.0/STM32CubeIDE/plugins/com.st.stm32cube.ide.mcu.externaltools.gnu-tools-for-stm32.12.3.rel1.win32_1.1.0.202410251130/tools/bin/../lib/gcc/arm-none-eabi/12.3.1/../../../../arm-none-eabi/lib/thumb/v7e-m/nofp\libc_nano.a(libc_a-reallocr.o)
 .ARM.attributes
                0x00000912       0x2e C:/ST/STM32CubeIDE_1.17.0/STM32CubeIDE/plugins/com.st.stm32cube.ide.mcu.externaltools.gnu-tools-for-stm32.12.3.rel1.win32_1.1.0.202410251130/tools/bin/../lib/gcc/arm-none-eabi/12.3.1/../../../../arm-none-eabi/lib/thumb/v7e-m/nofp\libc_nano.a(libc_a-msizer.o)
 .ARM.attributes