../Drivers/STM32WLxx_HAL_Driver/Inc/stm32wlxx_ll_bus.h:449:22:LL_AHB2_GRP1_EnableClock	1
../Core/Inc/radio_utils.h:108:13:OnTxDone	1
../Core/Inc/radio_utils.h:120:13:OnRxDone	1
../Core/Inc/radio_utils.h:168:13:OnTxTimeout	1
../Core/Inc/radio_utils.h:179:13:OnRxTimeout	1
../Core/Inc/radio_utils.h:190:13:OnRxError	1
../Core/Inc/radio_utils.h:201:6:Radio_Init	1
../Core/Inc/radio_utils.h:234:6:Radio_Transmit	1
../Core/Inc/radio_utils.h:242:6:Receive	1
../Core/Inc/radio_utils.h:246:6:print_last	1
../Core/Src/main.c:79:6:uart_print	1
../Core/Src/main.c:83:6:HAL_UART_RxCpltCallback	2
../Core/Src/main.c:103:5:main	3
../Core/Src/main.c:244:6:SystemClock_Config	3
../Core/Src/main.c:287:13:MX_I2C2_Init	4
../Core/Src/main.c:335:13:MX_SUBGHZ_Init	2
../Core/Src/main.c:361:13:MX_USART2_UART_Init	5
../Core/Src/main.c:409:13:MX_GPIO_Init	1
../Core/Src/main.c:441:6:Error_Handler	1
