../Drivers/STM32WLxx_HAL_Driver/Inc/stm32wlxx_ll_bus.h:449:22:LL_AHB2_GRP1_EnableClock	24	static
../Core/Inc/radio_utils.h:108:13:OnTxDone	8	static
../Core/Inc/radio_utils.h:120:13:OnRxDone	24	static
../Core/Inc/radio_utils.h:168:13:OnTxTimeout	8	static
../Core/Inc/radio_utils.h:179:13:OnRxTimeout	8	static
../Core/Inc/radio_utils.h:190:13:OnRxError	8	static
../Core/Inc/radio_utils.h:201:6:Radio_Init	56	static
../Core/Inc/radio_utils.h:234:6:Radio_Transmit	16	static
../Core/Inc/radio_utils.h:242:6:Receive	16	static
../Core/Inc/radio_utils.h:246:6:print_last	24	static
../Core/Src/main.c:79:6:uart_print	16	static
../Core/Src/main.c:83:6:HAL_UART_RxCpltCallback	16	static
../Core/Src/main.c:103:5:main	40	static
../Core/Src/main.c:244:6:SystemClock_Config	112	static
../Core/Src/main.c:287:13:MX_I2C2_Init	8	static
../Core/Src/main.c:335:13:MX_SUBGHZ_Init	8	static
../Core/Src/main.c:361:13:MX_USART2_UART_Init	8	static
../Core/Src/main.c:409:13:MX_GPIO_Init	32	static
../Core/Src/main.c:441:6:Error_Handler	4	static,ignoring_inline_asm
